¦¦¦¦¦¦¦¦
chip_family_id:0x37
ops_bining:72d80700
efuse volate:800get efuse index value:2
 set ee_vol 0.83v
OTP_LIC00 : 0f0fff030801ff9f2f000b0001000000
OTP_LIC10 : 008207000003fc000c00001000000300
OTP_LIC20 : ffffffbfffff0700c780000800000000
OTP_LIC30 : 00000002010000008f03000203000000

TE: 340238

BL2 Built : 09:06:27, Sep 13 2024. s4 bl-3.5.10 g2640b77e - bl.autobuild@walle02-sh

Board ID = 21
Set sys clock to 24Mhz
syspll is 1992Mhz. Locked
Set sys clock to 167Mhz
hifipll is 1179Mhz. Locked
boot area list:
1STBLOB 00000200        0002a000
BL2E    0002a200        00013000
BL2X    0003d200        00011000
DDRFIP  0004e200        00040000
DEVFIP  0008e200        00300000
s_setup from rom:00010081
dma mode
DDR_DRIVER_VERSION: AML_A_PHY_V_1_36; Built : 09:06:27, Sep 13 2024. s4 bl-3.5.10 g2640b77e - bl.autobuild@walle02-sh
Cfg max: 3, cur: 1. ddr id: 255. Force loop cfg
dram_type==LPDDR4
config==Rank0_32bit_ch0
Set ddr clk to 1176 MHz

check_gate_training!
index   99      sub_index       0       phase   0
index   99      sub_index       1       phase   0
index   99      sub_index       2       phase   0
index   99      sub_index       3       phase   0
index   99      sub_index       4       phase   0
index   99      sub_index       5       phase   0
index   99      sub_index       6       phase   0
index   99      sub_index       7       phase   0
Cfg max: 3, cur: 2. ddr id: 255. Force loop cfg
dram_type==DDR4
config==Rank01_32bit_ch0
Set ddr clk to 1176 MHz
Cfg max: 3, cur: 3. ddr id: 255. Force loop cfg
dram_type==DDR4
config==Rank0_32bit_ch0
Set ddr clk to 1176 MHz
CS0 size: 2048MB(auto)
Total size: 2048MB @ 1176MHz
DDR : 2048MB @1176MHz
bdlr_step_size ps=425

INFO: bl2_load_bl2ex start!
INFO: load ...
Load: BL2E From: eMMC - 3.1 src: 00002000, dst: 00fffff0, size: 00011000
sdemmc src: ;
INFO: check ...
SHA CHK OK!
INFO: load ...
Load: BL2X From: eMMC - 3.1 src: 00000000, dst: 007ffff0, size: 00011000
sdemmc src: ;
INFO: check ...
SHA CHK OK!
run into bl2e
info: get valid params from BL2 !
bl2_gd_init
BL2E: do things as vendor specific ...
Hello world, now in BL2E

TE: 885495

BL2E Built : 08:58:45, Sep 18 2024. s4 bl-3.5.10 g8baa2c2 - bl.autobuild@walle02-sh


Start to do bl2e platform setup!
eMMC boot @ 1
sw-hs2 s
tun-w: s=4, sz=4
sw8 s
aml log : BL2E load BL3X.....

TE: 917898
Load: FIP HDR From: eMMC - 3.1 src: 00000000, des: 00308000, size: 00008000
off:0008e200
Load: BL3X From: eMMC - 3.1 src: 00008000, des: 00310000, size: 0026c260
off:00096200
aml log : BL2E loading BL3X is done...!
boot bl2x
params to bl2x, address=0x0100c0e0


 Hello, we are in BL2X world !

TE: 1023110

BL2X Built : 06:56:22, Sep 25 2024. s4 bl-3.5.10 g161a5c0 - bl.autobuild@walle02-sh


Not loading secpu fw
bl2e_2 entry: 010000c0
run into bl31
NOTICE:  BL31: start aocpu
AOCPU: configure PMP for meNOTICE:  BL31: v1.3(release):215ba9f7a
NOTICE:  BL31: Built : 07:16:37, Oct 17 2024. s4 bl-3.5.10 g215ba9f7a - bl.autobuild@walle02-sh
BL31:tsensor calibration: tsensor1 = 860080ad
[mhu]: mhu_init-v1
DEVICE_MVN=0x200
NOTICE:  BL31: S4 normal boot!
mory 0xf7018000 ~ 0xf7024000
AOCPU: configure PMP end

Starting AOCPU FreeRTOS...
AOCPU image version='bl-3.5.10 fc06ce8f265edea2bb1ee91319abeef1d06a5be5 11:23:52 2025-08-07'
AOCPU_IRQ_SEL=0x0
AOCPU_IRQ_SEL=0x0
AOCPU_IRQ_SEL=0x0
AOCPU_IRQ_SEL=0x0
[AOCPU]: mailbox init start
[AOCPU]: mailbox init end
Starting timer ...
Starting task scheduler ...
NOTICE:  BL31: BL33 decompress pass
E/TC:0 00 INFO:    BL3-2: ATOS-V3.8.0-65c2695d6--bl-3.5.10-bl.autobuild@walle02-sh (gcc version 8.3.0 (GNU Toolchain for the A-profile Architecture 8.3-2019.03 (arm-rel-8.36))) #1 Tue 14 May 2024 02:35:09 AM UTC arm
E/TC:0 00 INFO:    BL3-2: secure time TEE
E/TC:0 00 INFO:    BL3-2: Chip: S4 Rev: B (37:B - 0:4)
E/TC:0 00 INFO:    BL3-2: Secure Timer Initialized.
E/TC:0 00 call_initcalls:33 Initial call 0x4970ef40 failed
boot bl33 !

Hello world, Now in BL33Z.
reboot reason: 0x0d
CFG:0x00000000
normal boot.

RUN back to bl33 uboot!
env_init: Environment STORAGE init done (ret=-2)


U-Boot 2019.01-g563054f-dirty bl-3.5.10 (Aug 07 2025 - 11:23:38 +0800)

DRAM:  2 GiB
Relocation Offset is: 7f5d0000
Relocating to 7f5d0000, new gd at 775bf5c0, sp at 775bf5b0
board init
watchdog disable
gpio: pin GPIOH_7 (gpio 43) value is 1
ERR: hdmitx: not find /amhdmitx node: FDT_ERR_NOTFOUND
Error getting FEAT_DISABLE_HDCX[    0.000000][0 T0     ..] Booting Linux on physical CPU 0x0000000000 [0x411fd040]
[    0.000000][0 T0     ..] Linux version 5.15.170-android14-11-maybe-dirty (build-user@build-host) (Android (10087095, +pgo, +bolt, +lto, -mlgo, based on r487747c) clang version 17.0.2 (https://android.googlesource.com/toolchain/llvm-project d9f89f4d16663d5012e5c09495f3b30ece3d2362), LLD 17.0.2) #1 SMP PREEMPT Thu Jan 1 00:00:00 UTC 1970
[    0.000000][0 T0     ..] Machine model: s4_s905y4_ap222
[    0.000000][0 T0     ..] Stack Depot is disabled
[    0.000000][0 T0     ..] cma_first_wm_low enabled
[    0.000000][0 T0     ..]     07400000 - 07500000,     1024 KB, ramoops@0x08400000
[    0.000000][0 T0     ..]     00000000 - 00080000,      512 KB, linux,dmc_monitor
[    0.000000][0 T0     ..]     04f00000 - 05000000,     1024 KB, linux,iotrace
[    0.000000][0 T0     ..]     05000000 - 07400000,    36864 KB, linux,secmon
[    0.000000][0 T0     ..]     7f800000 - 80000000,     8192 KB, linux,meson-fb
[    0.000000][0 T0     ..]     7f800000 - 7f800000,        0 KB, linux,codec_mm_reserved
[    0.000000][0 T0     ..] 0x000000007f800000..0x000000007f7fffff (0 KiB) map non-reusable linux,codec_mm_reserved
[    0.000000][0 T0     ..]     7e800000 - 7f800000,    16384 KB, linux,secure_vdec_reserved
[    0.000000][0 T0     ..] 0x000000007e800000..0x000000007f7fffff (16384 KiB) nomap non-reusable linux,secure_vdec_reserved
[    0.000000][0 T0     ..]     7e000000 - 7e800000,     8192 KB, linux,cma
[    0.000000][0 T0     ..] 0x000000007e000000..0x000000007e7fffff (8192 KiB) map reusable linux,cma
[    0.000000][0 T0     ..]     7d800000 - 7e000000,     8192 KB, linux,vdin1_cma
[    0.000000][0 T0     ..] 0x000000007d800000..0x000000007dffffff (8192 KiB) map reusable linux,vdin1_cma
[    0.000000][0 T0     ..] node linux,ion-dev compatible matching fail
[    0.000000][0 T0     ..] node linux,ion-fb compatible matching fail
[    0.000000][0 T0     ..]     7a000000 - 7d800000,    57344 KB, heap-fb
[    0.000000][0 T0     ..] 0x000000007a000000..0x000000007d7fffff (57344 KiB) map reusable heap-fb
[    0.000000][0 T0     ..]     71800000 - 77000000,    90112 KB, heap-gfx
[    0.000000][0 T0     ..] 0x0000000071800000..0x0000000076ffffff (90112 KiB) map reusable heap-gfx
[    0.000000][0 T0     ..] invalid size property in 'linux,ppmgr' node.
[    0.000000][0 T0     ..]     5ac00000 - 71800000,   372736 KB, linux,codec_mm_cma
[    0.000000][0 T0     ..] 0x000000005ac00000..0x00000000717fffff (372736 KiB) map reusable linux,codec_mm_cma
[    0.000000][0 T0     ..] 0x0000000000000000..0x000000000007ffff (512 KiB) map non-reusable linux,dmc_monitor
[    0.000000][0 T0     ..] 0x0000000004f00000..0x0000000004ffffff (1024 KiB) map non-reusable linux,iotrace
[    0.000000][0 T0     ..] Reserved memory: created DMA memory pool at 0x0000000005000000, size 36 MiB
[    0.000000][0 T0     ..]     05000000 - 07400000,    36864 KB, linux,secmon
[    0.000000][0 T0     ..] 0x0000000005000000..0x00000000073fffff (36864 KiB) nomap non-reusable linux,secmon
[    0.000000][0 T0     ..] 0x0000000007400000..0x00000000074fffff (1024 KiB) map non-reusable ramoops@0x08400000
[    0.000000][0 T0     ..] 0x000000007f800000..0x000000007fffffff (8192 KiB) map non-reusable linux,meson-fb
[    0.000000][0 T0     ..] Zone ranges:
[    0.000000][0 T0     ..]   DMA32    [mem 0x0000000000000000-0x000000007fffffff]
[    0.000000][0 T0     ..]   Normal   empty
[    0.000000][0 T0     ..] Movable zone start for each node
[    0.000000][0 T0     ..] Early memory node ranges
[    0.000000][0 T0     ..]   node   0: [mem 0x0000000000000000-0x0000000004ffffff]
[    0.000000][0 T0     ..]   node   0: [mem 0x0000000005000000-0x00000000073fffff]
[    0.000000][0 T0     ..]   node   0: [mem 0x0000000007400000-0x000000007e7fffff]
[    0.000000][0 T0     ..]   node   0: [mem 0x000000007e800000-0x000000007f7fffff]
[    0.000000][0 T0     ..]   node   0: [mem 0x000000007f800000-0x000000007fffffff]
[    0.000000][0 T0     ..] Initmem setup node 0 [mem 0x0000000000000000-0x000000007fffffff]
[    0.000000][0 T0     ..] psci: probing for conduit method from DT.
[    0.000000][0 T0     ..] psci: PSCIv1.0 detected in firmware.
[    0.000000][0 T0     ..] psci: Using standard PSCI v0.2 function IDs
[    0.000000][0 T0     ..] psci: Trusted OS migration not required
[    0.000000][0 T0     ..] psci: SMC Calling Convention v1.1
[    0.000000][0 T0     ..] no apu_id or apu_hwid
[    0.000000][0 T0     ..] Load bootconfig: 681 bytes 48 nodes
[    0.000000][0 T0     ..] percpu: Embedded 29 pages/cpu s79896 r8192 d30696 u118784
[    0.000000][0 T0     ..] Detected VIPT I-cache on CPU0
[    0.000000][0 T0     ..] CPU features: SYS_ID_AA64MMFR1_EL1[11:8]: already set to 0
[    0.000000][0 T0     ..] CPU features: kernel page table isolation forced ON by KASLR
[    0.000000][0 T0     ..] CPU features: detected: Kernel page table isolation (KPTI)
[    0.000000][0 T0     ..] Built 1 zonelists, mobility grouping on.  Total pages: 516096
[    0.000000][0 T0     ..] Kernel command line: console=ttynull stack_depot_disable=on cgroup_disable=pressure kasan.page_alloc.sample=10 kasan.stacktrace=off bootconfig ioremap_guard kvm-arm.mode=protected init=/init console=ttyS0,115200 no_console_suspend earlycon=aml-uart,0xfe07a000 ramoops.pstore_en=1 ramoops.record_size=0x8000 ramoops.console_size=0x4000 loop.max_part=4 scramble_reg=0xfe02e030 cma_first_wm_low=on async_long_initcall=1 logo=osd0,loaded,0x7f800000 vout=2160p50hz,enable panel_type=lcd_1 hdmitx=,420,8bit hdmimode=none hdmichecksum=0x19b20000 hdr_priority=268435472 hdr_force_mode= dolby_status= frac_rate_policy=1 cvbsmode=576cvbs cpufreq.default_governor=performance osd_reverse=0 video_reverse=0 kvm-arm.mode=none loglevel=7 meson-gx-mmc.caps2_quirks=mmc-hs400  init_on_alloc=0 edid_check=3 config_csc_en=1 mac=12:26:42:00:12:26  keyshield=1 otg_device=0 MTU=1452 boardtype=21 boot_revision=V0001 COMControlFlag=0 FastbootControlFlag=0 meson-gx-mmc.caps2_quirks=none reboot_
[    0.000000][0 T0     ..] cgroup: Disabling pressure control group feature
[    0.000000][0 T0     ..] [pm]: scramble_reg=fe02e030
[    0.000000][0 T0     ..] vout: 2160p50hz
[    0.000000][0 T0     ..] vout: enable: 1
[    0.000000][0 T0     ..] lcd: panel_type: lcd_1
[    0.000000][0 T0     ..] vpp_axis_reverse: bootargs is 0
[    0.000000][0 T0     ..] vdin_get_video_reverse: bootargs is 0.
[    0.000000][0 T0     ..] Unknown kernel command line parameters "scramble_reg=0xfe02e030 logo=osd0,loaded,0x7f800000 vout=2160p50hz panel_type=lcd_1 hdmitx=,420,8bit hdmimode=none hdmichecksum=0x19b20000 hdr_priority=268435472 hdr_force_mode= dolby_status= frac_rate_policy=1 cvbsmode=576cvbs video_reverse=0 edid_check=3 config_csc_en=1 mac=12:26:42:00:12:26 keyshield=1 otg_device=0 MTU=1452 boardtype=21 boot_revision=V0001 COMControlFlag=0 FastbootControlFlag=0 reboot_mode=watchdog_reboot", will be passed to user space.
[    0.000000][0 T0     ..] Dentry cache hash table entries: 262144 (order: 9, 2097152 bytes, linear)
[    0.000000][0 T0     ..] Inode-cache hash table entries: 131072 (order: 8, 1048576 bytes, linear)
[    0.000000][0 T0     ..] mem auto-init: stack:all(zero), heap alloc:off, heap free:off
[    0.000000][0 T0     ..] max high: 35
[    0.000000][0 T0     ..] zone:DMA32, spaned pages:524288, total:524288
[    0.000000][0 T0     ..] page_trace_pre_work, trace buffer:ffffff805a800000, size:400000, end:ffffff805ac00000, module: 0
[    0.000000][0 T0     ..] Virtual kernel memory layout:
[    0.000000][0 T0     ..]     modules : 0xffffffc000000000 - 0xffffffc008000000   (   128 MB)
[    0.000000][0 T0     ..]     vmalloc : 0xffffffc008000000 - 0xfffffffdf0000000   (   247 GB)
[    0.000000][0 T0     ..]       .text : 0xffffffef08000000 - 0xffffffef091e0000   ( 18304 KB) 0x1800000
[    0.000000][0 T0     ..]     .rodata : 0xffffffef091e0000 - 0xffffffef09a20000   (  8448 KB) 0x29e0000
[    0.000000][0 T0     ..]       .init : 0xffffffef09a20000 - 0xffffffef09bc0000   (  1664 KB) 0x29e0000
[    0.000000][0 T0     ..]       .data : 0xffffffef09bc0000 - 0xffffffef09deb008   (  2221 KB) 0x33c0000
[    0.000000][0 T0     ..]        .bss : 0xffffffef09deb008 - 0xffffffef09f2d4c4   (  1290 KB) 0x35eb008
[    0.000000][0 T0     ..]     fixed   : 0xfffffffdfdbf9000 - 0xfffffffdfe000000   (  4124 KB)
[    0.000000][0 T0     ..]     PCI I/O : 0xfffffffdfe800000 - 0xfffffffdff800000   (    16 MB)
[    0.000000][0 T0     ..]     vmemmap : 0xfffffffe00000000 - 0xffffffff00000000   (     4 GB maximum)
[    0.000000][0 T0     ..]               0xfffffffe00000000 - 0xfffffffe02000000   (    32 MB actual)
[    0.000000][0 T0     ..]     memory  : 0xffffff8000000000 - 0xffffff8080000000   (  2048 MB) 0x0
[    0.000000][0 T0     ..]      offset : 0x2f00000000
[    0.000000][0 T0     ..] Memory: 1413436K/2097152K available (18240K kernel code, 2220K rwdata, 8424K rodata, 1664K init, 1289K bss, 147140K reserved, 536576K cma-reserved)
[    0.000000][0 T0     ..] SLUB: HWalign=64, Order=0-3, MinObjects=0, CPUs=4, Nodes=1
[    0.000000][0 T0     ..] trace event string verifier disabled
[    0.000000][0 T0     ..] rcu: Preemptible hierarchical RCU implementation.
[    0.000000][0 T0     ..] rcu:        RCU event tracing is enabled.
[    0.000000][0 T0     ..] rcu:        RCU dyntick-idle grace-period acceleration is enabled.
[    0.000000][0 T0     ..] rcu:        RCU restricting CPUs from NR_CPUS=32 to nr_cpu_ids=4.
[    0.000000][0 T0     ..] rcu:        RCU priority boosting: priority 1 delay 500 ms.
[    0.000000][0 T0     ..]     Trampoline variant of Tasks RCU enabled.
[    0.000000][0 T0     ..]     Tracing variant of Tasks RCU enabled.
[    0.000000][0 T0     ..] rcu: RCU calculated value of scheduler-enlistment delay is 25 jiffies.
[    0.000000][0 T0     ..] rcu: Adjusting geometry for rcu_fanout_leaf=16, nr_cpu_ids=4
[    0.000000][0 T0     ..] NR_IRQS: 64, nr_irqs: 64, preallocated irqs: 0
[    0.000000][0 T0     ..] GIC: GICv2 detected, but range too small and irqchip.gicv2_force_probe not set
[    0.000000][0 T0     ..] Root IRQ handler: gic_handle_irq
[    0.000000][0 T0     ..] rcu:        Offload RCU callbacks from CPUs: (none).
[    0.000000][0 T0     ..] kfence: initialized - using 524288 bytes for 63 objects at 0x(____ptrval____)-0x(____ptrval____)
[    0.000000][0 T0     ..] arch_timer: cp15 timer(s) running at 24.00MHz (phys).
[    0.000000][0 T0     ..] clocksource: arch_sys_counter: mask: 0xffffffffffffff max_cycles: 0x588fe9dc0, max_idle_ns: 440795202592 ns
[    0.000000][0 T0     ..] sched_clock: 56 bits at 24MHz, resolution 41ns, wraps every 4398046511097ns
[    0.000356][0 T0     ..] Calibrating delay loop (skipped), value calculated using timer frequency.. 48.00 BogoMIPS (lpj=96000)
[    0.000371][0 T0     ..] pid_max: default: 32768 minimum: 301
[    0.000588][0 T0     ..] LSM: Security Framework initializing
[    0.000655][0 T0     ..] SELinux:  Initializing.
[    0.000929][0 T0     ..] Mount-cache hash table entries: 4096 (order: 3, 32768 bytes, linear)
[    0.000944][0 T0     ..] Mountpoint-cache hash table entries: 4096 (order: 3, 32768 bytes, linear)
[    0.002756][0 T1     ..] rcu: Hierarchical SRCU implementation.
[    0.015232][0 T1     ..] smp: Bringing up secondary CPUs ...
[    0.016021][0 T0     ..] Detected VIPT I-cache on CPU1
[    0.016074][0 T0     ..] CPU1: Booted secondary processor 0x0000000001 [0x411fd040]
[    0.016862][0 T0     ..] Detected VIPT I-cache on CPU2
[    0.016894][0 T0     ..] CPU2: Booted secondary processor 0x0000000002 [0x411fd040]
[    0.017648][0 T0     ..] Detected VIPT I-cache on CPU3
[    0.017679][0 T0     ..] CPU3: Booted secondary processor 0x0000000003 [0x411fd040]
[    0.017749][0 T1     ..] smp: Brought up 1 node, 4 CPUs
[    0.017782][0 T1     ..] SMP: Total of 4 processors activated.
[    0.017789][0 T1     ..] CPU features: detected: 32-bit EL0 Support
[    0.017796][0 T1     ..] CPU features: detected: CRC32 instructions
[    0.017862][0 T1     ..] CPU features: emulated: Privileged Access Never (PAN) using TTBR0_EL1 switching
[    0.024908][0 T1     ..] CPU: All CPU(s) started at EL2
[    0.024955][0 T19    d.] alternatives: patching kernel code
[    0.039746][0 T1     ..] KASLR enabled
[    0.039907][0 T1     ..] clocksource: jiffies: mask: 0xffffffff max_cycles: 0xffffffff, max_idle_ns: 7645041785100000 ns
[    0.039927][0 T1     ..] futex hash table entries: 1024 (order: 4, 65536 bytes, linear)
[    0.040205][0 T1     ..] pinctrl core: initialized pinctrl subsystem
[    0.041093][0 T1     ..] NET: Registered PF_NETLINK/PF_ROUTE protocol family
[    0.042453][0 T1     ..] DMA: preallocated 256 KiB GFP_KERNEL pool for atomic allocations
[    0.042535][0 T1     ..] DMA: preallocated 256 KiB GFP_KERNEL|GFP_DMA32 pool for atomic allocations
[    0.042602][0 T1     ..] audit: initializing netlink subsys (disabled)
[    0.042834][3 T45    ..] audit: type=2000 audit(0.040:1): state=initialized audit_enabled=0 res=1
[    0.043248][0 T1     ..] thermal_sys: Registered thermal governor 'user_space'
[    0.043253][0 T1     ..] thermal_sys: Registered thermal governor 'power_allocator'
[    0.043642][0 T1     ..] cpuidle: using governor menu
[    0.044593][0 T1     ..] hw-breakpoint: found 6 breakpoint and 4 watchpoint registers.
[    0.044698][0 T1     ..] ASID allocator initialised with 32768 entries
[    0.046210][0 T1     ..] printk: console [ramoops-1] enabled
[    0.046272][0 T1     ..] pstore: Registered ramoops as persistent store backend
[    0.046280][0 T1     ..] ramoops: using 0x100000@0x7400000, ecc: 0
[    0.065353][0 T1     ..] platform ff900000.drm-vpu: Fixing up cyclic dependency with dummy_venc
[    0.065424][0 T1     ..] platform ff900000.drm-vpu: Fixing up cyclic dependency with drm-amcvbsout
[    0.065478][0 T1     ..] platform ff900000.drm-vpu: Fixing up cyclic dependency with 0.amhdmitx
[    0.072338][2 T1     ..] iommu: Default domain type: Translated
[    0.072362][2 T1     ..] iommu: DMA domain TLB invalidation policy: strict mode
[    0.072754][2 T1     ..] SCSI subsystem initialized
[    0.072885][2 T1     ..] usbcore: registered new interface driver usbfs
[    0.072913][2 T1     ..] usbcore: registered new interface driver hub
[    0.072953][2 T1     ..] usbcore: registered new device driver usb
[    0.073076][2 T1     ..] mc: Linux media interface: v0.10
[    0.073104][2 T1     ..] videodev: Linux video capture interface: v2.00
[    0.073183][2 T1     ..] EDAC MC: Ver: 3.0.0
[    0.074066][2 T1     ..] Advanced Linux Sound Architecture Driver Initialized.
[    0.075726][2 T1     ..] clocksource: Switched to clocksource arch_sys_counter
[    0.108539][2 T1     ..] VFS: Disk quotas dquot_6.6.0
[    0.108606][2 T1     ..] VFS: Dquot-cache hash table entries: 512 (order 0, 4096 bytes)
[    0.109464][2 T1     ..] NET: Registered PF_INET protocol family
[    0.109585][2 T1     ..] IP idents hash table entries: 32768 (order: 6, 262144 bytes, linear)
[    0.110684][2 T1     ..] tcp_listen_portaddr_hash hash table entries: 1024 (order: 2, 16384 bytes, linear)
[    0.110714][2 T1     ..] Table-perturb hash table entries: 65536 (order: 6, 262144 bytes, linear)
[    0.110743][2 T1     ..] TCP established hash table entries: 16384 (order: 5, 131072 bytes, linear)
[    0.110842][2 T1     ..] TCP bind hash table entries: 16384 (order: 6, 262144 bytes, linear)
[    0.110975][2 T1     ..] TCP: Hash tables configured (established 16384 bind 16384)
[    0.111063][2 T1     ..] UDP hash table entries: 1024 (order: 3, 32768 bytes, linear)
[    0.111099][2 T1     ..] UDP-Lite hash table entries: 1024 (order: 3, 32768 bytes, linear)
[    0.111260][2 T1     ..] NET: Registered PF_UNIX/PF_LOCAL protocol family
[    0.111286][2 T1     ..] NET: Registered PF_XDP protocol family
[    0.111300][2 T1     ..] PCI: CLS 0 bytes, default 64
[    0.112200][3 T57    ..] Trying to unpack rootfs image as initramfs...
[    0.124018][2 T1     ..] armv8-pmu ff634680.arm_pmu: hw perfevents: no interrupt-affinity property, guessing.
[    0.124344][2 T1     ..] hw perfevents: enabled with armv8_pmuv3 PMU driver, 7 counters available
[    0.126650][2 T1     ..] Initialise system trusted keyrings
[    0.126976][2 T1     ..] workingset: timestamp_bits=46 max_order=19 bucket_order=0
[    0.134489][2 T1     ..] fuse: init (API version 7.34)
[    0.136526][2 T1     ..] Key type asymmetric registered
[    0.136560][2 T1     ..] Asymmetric key parser 'x509' registered
[    0.136733][2 T1     ..] Block layer SCSI generic (bsg) driver version 0.4 loaded (major 240)
[    0.136770][2 T1     ..] io scheduler mq-deadline registered
[    0.136778][2 T1     ..] io scheduler kyber registered
[    0.136927][2 T1     ..] io scheduler bfq registered
[    0.139963][2 T1     ..] printk: console [ttynull0] enabled
[    0.140449][0 T22    ..] cacheinfo: Unable to detect cache hierarchy for CPU 0
[    0.149742][2 T1     ..] brd: module loaded
[    0.157539][2 T1     ..] loop: module loaded
[    0.158979][2 T1     ..] wireguard: WireGuard 1.0.0 loaded. See www.wireguard.com for information.
[    0.159005][2 T1     ..] wireguard: Copyright (C) 2015-2019 Jason A. Donenfeld <Jason@zx2c4.com>. All Rights Reserved.
[    0.159664][2 T1     ..] MACsec IEEE 802.1AE
[    0.160381][2 T1     ..] tun: Universal TUN/TAP device driver, 1.6
[    0.161163][2 T1     ..] ehci_hcd: USB 2.0 'Enhanced' Host Controller (EHCI) Driver
[    0.161189][2 T1     ..] ehci-pci: EHCI PCI platform driver
[    0.161228][2 T1     ..] ehci-platform: EHCI generic platform driver
[    0.161778][3 T57    ..] Freeing initrd memory: 5540K
[    0.162053][2 T1     ..] usbcore: registered new interface driver uas
[    0.162114][2 T1     ..] usbcore: registered new interface driver usb-storage
[    0.162340][2 T1     ..] usbcore: registered new interface driver xpad
[    0.162453][2 T1     ..] usbcore: registered new interface driver uvcvideo
[    0.162463][2 T1     ..] gspca_main: v2.14.0 registered
[    0.162603][2 T1     ..] device-mapper: uevent: version 1.0.3
[    0.162824][2 T1     ..] device-mapper: ioctl: 4.45.0-ioctl (2021-03-22) initialised: dm-devel@redhat.com
[    0.164003][2 T1     ..] sdhci: Secure Digital Host Controller Interface driver
[    0.164022][2 T1     ..] sdhci: Copyright(c) Pierre Ossman
[    0.164029][2 T1     ..] sdhci-pltfm: SDHCI platform and OF driver helper
[    0.164450][2 T1     ..] hid: raw HID events driver (C) Jiri Kosina
[    0.164656][2 T1     ..] usbcore: registered new interface driver usbhid
[    0.164666][2 T1     ..] usbhid: USB HID core driver
[    0.164963][2 T1     ..] ashmem: initialized
[    0.165044][2 T1     ..] gnss: GNSS driver registered with major 511
[    0.165713][2 T1     ..] usbcore: registered new interface driver snd-usb-audio
[    0.166276][2 T1     ..] fe07a000.serial: ttyS0 at MMIO 0xfe07a000 (irq = 25, base_baud = 1500000) is a meson_uart
[    1.815688][1 T1     ..] printk: console [ttyS0] enabled
[    1.821549][1 T1     ..] [debug]: fiq_phy_addr:50f8000, fiq_buf_size: 1000, fiq_virt_addr:ffffffc0083c5000
[    1.833823][1 T1     ..] [debug]: cpu:0 sd:ffffff8000561000 flags:907->90f
[    1.837426][1 T1     ..] [debug]: cpu:1 sd:ffffff8000561400 flags:907->90f
[    1.844268][1 T1     ..] [debug]: cpu:2 sd:ffffff8000560a00 flags:907->90f
[    1.851114][1 T1     ..] [debug]: cpu:3 sd:ffffff8000561e00 flags:907->90f
[    1.863778][1 T1     ..] [memory-debug]: dmc version:1.8
[    1.863835][1 T1     ..] [memory-debug]: dmc_trace_buf: ffffff805a800000, maddr:0
[    1.870982][1 T1     ..] [memory-debug]: DMC DEBUG MEMORY ENABLED: range:0-7ffff, device=bf08fa, debug=11d
[    1.880540][1 T1     ..] [memory-debug]: range:00000000 - 0007ffff, device:bf08fa
[    1.888003][1 T1     ..] [memory-debug]: DMC SEC CHECK PASS.
[    1.893624][1 T1     ..] [memory-debug]: dmc_irq_set: save_irq=1, request=1
[    1.901874][3 T1     ..] [memory-debug]: ramdump, Total Memory:[2048 MB]
[    1.907257][3 T1     ..] [memory-debug]: NO valid ramdump args:0 0
[    1.913916][3 T1     ..] [memory-debug]: Freeing free_reserved memory: 1024K
[    1.920465][3 T1     ..] [secmon]: reserve_mem_size:0x2300000
[    1.926141][3 T1     ..] [secmon]: share in base: 0xffffffc008c89000, share out base: 0xffffffc008ceb000
[    1.935571][3 T1     ..] [secmon]: phy_in_base: 0x50f9000, phy_out_base: 0x50ff000
[    1.943985][3 T1     ..] [clk-soc-s4]: ignore hifi_pll_dco clock init
[    1.953447][3 T1     ..] [gpio]: 82 to 12 gpio interrupt mux initialized
[    1.956447][3 T1     ..] meson_mbox_fifo fe006000.mbox_fifo: set mbox irq_nums to default value
[    1.964872][3 T1     ..] meson_mbox_fifo fe006000.mbox_fifo: Do not support aocpu alive detection -22
[    1.976938][3 T1     ..] [cpuinfo]: build info: non_gki 2025.11.28-06.30.16, common_drivers:  -android14-11-maybe-dirty
[    1.984809][3 T1     ..] [cpuinfo]: kernel upgrade info: <13> <2025-03-12> <c0bad795ed1a0-c0bad795ed1a0>
[    1.994298][3 T1     ..] [cpuinfo]: serial = 370b0304000000000310a04514b29680
[    2.001517][3 T1     ..] [cpufreq]: cpu regulator not ready, retry!
[    2.008915][3 T1     ..] [efuse-unifykey]: fail to obtain phy addr of shared mem
[    2.044545][2 T1     ..] meson-gx-mmc fe08a000.sd: Got CD GPIO
[    2.050852][0 T0     dh] meson-gx-mmc fe08c000.mmc: 8 [0x1aa], TIMEOUT[0x2800]
[    2.053515][0 T0     dh] meson-gx-mmc fe08c000.mmc: 5 [0x0], TIMEOUT[0x2800]
[    2.060531][0 T0     dh] meson-gx-mmc fe08c000.mmc: 5 [0x0], TIMEOUT[0x2800]
[    2.067550][0 T0     dh] meson-gx-mmc fe08c000.mmc: 5 [0x0], TIMEOUT[0x2800]
[    2.074860][0 T0     dh] meson-gx-mmc fe08c000.mmc: 5 [0x0], TIMEOUT[0x2800]
[    2.081635][0 T0     dh] meson-gx-mmc fe08c000.mmc: 55 [0x0], TIMEOUT[0x2800]
[    2.088609][0 T0     dh] meson-gx-mmc fe08c000.mmc: 55 [0x0], TIMEOUT[0x2800]
[    2.095713][0 T0     dh] meson-gx-mmc fe08c000.mmc: 55 [0x0], TIMEOUT[0x2800]
[    2.102916][0 T0     dh] meson-gx-mmc fe08c000.mmc: 55 [0x0], TIMEOUT[0x2800]
[    2.116572][3 T82    ..] random: crng init done
[    2.116697][1 T1     ..] optee: probing for conduit method.
[    2.121043][1 T1     ..] optee: revision 3.8 (65c2695d)
[    2.122475][2 T1     ..] optee: initialized driver
[    2.131219][2 T1     ..] [AML_WATERMARK] [ERROR] [Func: aml_watermark_driver_init, Line: 475] vxwm and ngwm both are disabled
[    2.142418][2 T1     ..] pm-meson fe010288.pm: clear_suspend_reason found: 0x9
[    2.150161][2 T1     ..] meson-gxbb-wdt fe002100.watchdog: IRQ index 0 not found
[    2.156855][2 T1     ..] meson-gxbb-wdt fe002100.watchdog: feeding watchdog mode: [kernel]
[    2.165517][2 T1     ..] [dvb]: aml_dvb_extern_init: OK, version: V1.23
[    2.171988][2 T1     ..] aml_aucpu fe09e080.aucpu: Direct firmware load for aucpu_fw.bin failed with error -2
[    2.181766][2 T1     ..] load aucpu_fw.bin fail, result=-2
[    2.186977][2 T1     ..] load start_aucpu_fw fail
[    2.192485][2 T1     ..] vpu: vpu: driver version: v20240123(4-s4)
[    2.197912][2 T1     ..] vpu: vpu: load vpu_clk: 666666667Hz(8)
[    2.203929][2 T1     ..] vpu: vpu: vpu_probe OK
[    2.208512][2 T1     ..] now: media_configs_system_init
[    2.213525][2 T1     ..] now in codec_mm_module_init
[    2.218912][2 T1     ..] codec_mm codec_mm: assigned reserved memory node linux,secure_vdec_reserved
[    2.227502][2 T1     ..] [tee]: tee_pta_invoke_cmd invoke func failed, cmd = 0, ret= 0, res = 0xffff0006, origin = 0x4
[    2.238226][2 T1     ..] codec_mm codec_mm: assigned reserved memory node linux,codec_mm_reserved
[    2.247106][2 T1     ..] codec_mm codec_mm: assigned reserved memory node linux,codec_mm_cma
[    2.255439][2 T1     ..] codec_mm_probe ok
[    2.259733][2 T1     ..] read format in dts failed, ret = -1
[    2.265254][2 T1     ..] read format in dts failed, ret = -1
[    2.271648][2 T1     ..] resman: amresource_mgr init success
[    2.276337][2 T1     ..] mediaproxy init
[    2.280598][2 T1     ..] Mediaproxy device loaded with major number 500
[    2.287768][2 T1     ..] Codec io: codec_io_probe success, cpu_type=0x37
[    2.294128][2 T1     ..] vclk: aml_vclk_probe OK
[    2.298530][2 T1     ..] vout_meas_ctrl_init_dft: vdin_meas_clk 0HZ
[    2.304410][2 T1     ..] vout_mux_probe OK
[    2.309158][2 T1     ..] Canvas: canvas_probe ok, reg=fe036048, size=2000 base =ffffffc008e88048
[    2.317536][2 T1     ..] rdma: line_n_rdma_en = 0
[    2.322075][2 T1     ..] rdma: rdma_probe,cpu_type:4, ver:1, len:16,rdma_table_size:65536
[    2.330349][2 T1     ..] rdma: set_rdma_handle video rdma handle = 1.
[    2.336491][2 T1     ..] rdma: set_rdma_handle video rdma handle = 2.
[    2.342886][0 T1     ..] rdma: set_rdma_handle video rdma handle = 3.
[    2.350442][0 T1     ..] [hdmitx:] system: hdmi_rext: 1300
[    2.354791][0 T1     ..] [hdmitx:] not get regbase index 11
[    2.360806][0 T1     ..] [hdmitx:] hdmitx_common_init_bootup_format_para init ok
[    2.367663][0 T1     ..] [hdmitx:] warn getting FEAT_DISABLE_HDCP_TX_22: 101
[    2.374624][0 T1     ..] [hdmitx:] warn getting FEAT_DISABLE_HDMI_TX_3D: 101
[    2.381643][0 T1     ..] [hdmitx:] warn getting FEAT_DISABLE_HDMITX: 101
[    2.389135][0 T1     ..] [hdmitx:] plugin sequence id: 4294892893
[    2.411562][2 T69    ..] [mmc]: tuning-c:1, tuning-s:5
[    2.411586][2 T69    ..] [mmc]: mmc0: clk= 0x10000206, adj = 0x12000, dly1 = 0, dly2 = 0
[    2.419261][2 T69    ..] mmc0: new HS200 MMC card at address 0001
[    2.425857][2 T69    ..] mmcblk0: mmc0:0001 05S000 7.28 GiB
[    2.432637][2 T69    ..]  mmcblk0: p1 p2 p3 p4 p5 p6 p7 p8 p9 p10 p11 p12 p13 p14 p15 p16 p17 p18 p19 p20 p21 p22 p23 p24 p25 p26 p27 p28 p29 p30
[    2.445873][2 T69    ..] mmcblk0boot0: mmc0:0001 05S000 4.00 MiB
[    2.450729][2 T69    ..] mmcblk0boot1: mmc0:0001 05S000 4.00 MiB
[    2.456559][2 T69    ..] mmcblk0rpmb: mmc0:0001 05S000 512 KiB, chardev (236:0)
[    2.468032][2 T69    ..] [mmc]: emmc key: emmc_key_init:522 ok.
[    2.470962][2 T69    ..] [mmc]: emmc_key_read:566, read ok
[    2.474603][2 T69    ..] [efuse-unifykey]: mark is not found
[    2.480227][2 T69    ..] [efuse-unifykey]: attach success!
[    2.493402][2 T69    ..] [mmc]: amlmmc_dtb_init: register dtb chardev OK
[    2.526768][0 T1     ..] [hdmitx:] edid: blk0 raw data
[    2.532981][0 T1     ..] [hdmitx:] 00ffffffffffff0021573618bde90200251d010380351d7822ee91a3544c99260f5054210f00810081408180904095000101a940b300011d007251d01e206e28
[    2.532981][0 T1     ..] 55000f484200001e0e1f008051001e30408037000f484200001c000000100000000000000000000000000000000000fc004d4143524f53494c49434f4e0a0119
[    2.561205][0 T1     ..] [hdmitx:] edid: blk1 raw data
[    2.566349][0 T1     ..] [hdmitx:] 020334f152021113841f1003120615071605145e5f636423097f07830100006e030c001000003c20008001020304e50e61606566662150b051001b3040703600
[    2.566349][0 T1     ..] 0f484200001e662156aa51001e30468f33000f484200001e8c0ad08a20e02d10103e9600100900000018000000000000000000000000000000000000000000b2
[    2.595539][0 T1     ..] aml_vdac_config_probe: cpu_id:7, name:meson-s4-vdac
[    2.601600][0 T1     ..] not get cdac_disable.
[    2.606715][0 T1     ..] cvbsout: error: cvbsout_clktree_probe: clk venci_top_gate
[    2.613559][0 T1     ..] cvbsout: error: cvbsout_clktree_probe: clk venci_0_gate
[    2.620922][0 T1     ..] cvbsout: error: cvbsout_clktree_probe: clk venci_1_gate
[    2.628290][0 T1     ..] cvbsout: error: cvbsout_clktree_probe: clk vdac_clk_gate
[    2.635735][0 T1     ..] cvbsout: sva_std:0x0
[    2.640068][0 T1     ..] cvbsout: ntsc_ttc:0x0
[    2.644506][0 T1     ..] cvbsout: register cvbs module server ok
[    2.650471][0 T1     ..] cvbsout: register cvbs module vout2 server ok
[    2.657195][0 T1     ..] cvbsout: [am_meson_cvbs_probe:2047] in
[    2.664823][0 T1     ..] dummy_venc_probe OK
[    2.667464][0 T1     ..] vout: fr_policy:2
[    2.671188][0 T1     ..] vout: error: aml_vout_get_dt_info: can't get vsync irq
[    2.678583][0 T1     ..] [hdmitx:] hdmitx20_init_uboot_mode[3131]
[    2.684533][0 T1     ..] [hdmitx:] alread display in uboot
[    2.689991][0 T1     ..] vout: init mode 2160p50hz set ok
[    2.695360][0 T1     ..] vout: aml_vout_probe OK
[    2.700466][0 T1     ..] vpu_security_probe ok.
[    2.705376][2 T1     ..] ion_dev: __meson_ion_add_heap,heap->name=codec_mm_cma heap->id=2
[    2.712841][2 T1     ..] dmaheap: find heap-fb size 58720256
[    2.718294][2 T1     ..] dmaheap: find heap-gfx size 92274688
[    2.724245][2 T1     ..] amlogic_heap_secure_dma_buf_init: heap-secure not added in dts.
[    2.733303][2 T1     ..] aml_media: ge2d init clock is 500000000 HZ, VPU clock is 666666656 HZ
[    2.740732][2 T1     ..] aml_media: ge2d clock is 499 MHZ
[    2.745996][2 T1     ..] aml_media: map io source 0x000000003ab031c8,size=256 to 0x00000000eda79014
[    2.754991][2 T1     ..] aml_media: reserved mem is not used
[    2.761358][0 T96    ..] aml_media: ge2d workqueue monitor start
[    2.761914][3 T1     ..] vdin_drv_init: major 492 ver:2024/07/30
[    2.773135][3 T1     ..] don't find vdin_export_id.
[    2.777534][3 T1     ..] chip:vdin-s4 hw_ver:9
[    2.781857][3 T1     ..] vdin[0] memory resource undefined!!
[    2.787523][3 T1     ..] vdin(0) dma mask
[    2.791478][3 T1     ..] vdin0-irq=61
[    2.795114][3 T1     ..] vpu_crash_int=-22
[    2.799188][3 T1     ..] vdin_get_irq_from_dts vdin0_wr_done=-22
[    2.805169][3 T1     ..] meta_wr_done_int=-22
[    2.809635][3 T1     ..] vdin_drv_probe: fclk_div5 is 399 MHZ
[    2.815333][3 T1     ..] vdin_drv_probe: vdin[0] clock is 50 MHZ
[    2.821252][3 T1     ..] vdin_drv_probe: driver initialized ok
[    2.827089][3 T1     ..] don't find vdin_export_id.
[    2.831939][3 T1     ..] chip:vdin-s4 hw_ver:9
[    2.836298][3 T1     ..] vdin vdin1: assigned reserved memory node linux,vdin1_cma
[    2.843822][3 T1     ..] vdin(1) dma mask
[    2.847807][3 T1     ..] vdin1-irq=62
[    2.851440][3 T1     ..] vdin_get_irq_from_dts vdin1_wr_done=-22
[    2.857556][3 T1     ..] video4linux video71: assigned reserved memory node linux,vdin1_cma
[    2.865792][3 T1     ..] vdin1 get fclk_div5 err
[    2.870348][3 T1     ..] vdin_drv_probe: vdin1 cannot get msr clk !!!
[    2.876762][3 T1     ..] vdin_debugfs_init only support debug vdin0 1
[    2.883167][3 T1     ..] vdin_drv_probe: driver initialized ok
[    2.889178][3 T1     ..] vdin_drv_init: vdin driver init done
[    2.895318][3 T1     ..] secure_register module=1 ok
[    2.899659][3 T1     ..] amvideom vsync irq: 54
[    2.904145][3 T1     ..] create_ge2d_work_queue video task ok
[    2.910336][3 T1     ..] create amvideo_poll attribute (null) fail
[    2.916502][3 T1     ..] PPMGRDRV: info: ppmgr_dev major:490
[    2.916502][3 T1     ..]
[    2.916617][3 T1     ..] ppmgr driver probe: irq:0
[    2.929101][3 T1     ..] ppmgr: probe of ppmgr failed with error -22
[    2.935621][3 T1     ..] aml_media: picdec_driver_probe reserved_mem is not used.
[    2.941620][0 T0     dh] vout changed: 0x0->3840x2160
[    2.942999][3 T1     ..] amdolby_vision_init:module init
[    2.953848][3 T1     ..] new arch is :1.
[    2.953915][3 T1     ..] [tsync_pcr_init]init success.
[    2.962221][3 T1     ..] video_composer_module_init_1
[    2.967492][3 T1     ..] mediaproxy produce init [video_composer0]
[    2.973390][3 T1     ..] Mediaproxy is opened name[video_composer0]\n
[    2.973393][3 T1     ..] Mediaproxy is opened name[video_composer0] end\n
[    2.979800][3 T1     ..] mediaproxy produce start connect
[    2.991936][3 T1     ..] success to alloc kfifo size:[32] i=[0]
[    2.997826][3 T1     ..] find p kfifo size:[32][0]
[    3.002592][3 T1     ..] mediaproxy_get_fifo get idx[0]
[    3.007792][3 T1     ..] Session producer-0 is connected fifo idx [0]
[    3.014207][3 T1     ..] mediaproxy produce connect [0]
[    3.019405][3 T1     ..] mediaproxy produce msg type :0x180  module_name:video_composer0
[    3.027502][3 T1     ..] mediaproxy produce init [video_composer1]
[    3.033621][3 T1     ..] Mediaproxy is opened name[video_composer1]\n
[    3.033624][3 T1     ..] Mediaproxy is opened name[video_composer1] end\n
[    3.040033][3 T1     ..] mediaproxy produce start connect
[    3.052176][3 T1     ..] success to alloc kfifo size:[32] i=[1]
[    3.058060][3 T1     ..] find p kfifo size:[32][1]
[    3.062825][3 T1     ..] mediaproxy_get_fifo get idx[1]
[    3.068026][3 T1     ..] Session producer-1 is connected fifo idx [1]
[    3.074440][3 T1     ..] mediaproxy produce connect [1]
[    3.079639][3 T1     ..] mediaproxy produce msg type :0x180  module_name:video_composer1
[    3.087787][3 T1     ..] videotunnel init
[    3.091998][3 T1     ..] videoqueue_init___1
[    3.096067][3 T1     ..] aml_vecm_init:module init_20240611-0
[    3.102521][3 T1     ..] enable_hdr10plus =1
[    3.105913][3 T1     ..] vecm chip id: 0, chip_cls : 0
[    3.111050][3 T1     ..] Codec io: No support bus type 2 to read.
[    3.117081][3 T1     ..] Codec io: No support bus type 2 to read.
[    3.131738][3 T1     ..] Codec io: No support bus type 2 to read.
[    3.132188][3 T1     ..] Codec io: No support bus type 2 to write.
[    3.138365][3 T1     ..] Codec io: No support bus type 2 to read.
[    3.144417][3 T1     ..] Codec io: No support bus type 2 to write.
[    3.150771][3 T1     ..] no support res_lc_curve_irq
[    3.157755][2 T1     ..] no match support_4k for amlvideo2.0, disable as default
[    3.161639][0 T0     dh] [hdmitx:] hdmitx_set_drm_pkt: tf=1, cf=1, colormetry=0
[    3.163031][2 T1     ..] no match support_4k for amlvideo2.1, disable as default
[    3.177644][2 T1     ..] dil:dil_init.
[    3.183387][2 T1     ..] di_multi multi-di: IRQ aisr_irq not found
[    3.188030][2 T1     ..] dim:cvs inp:0xd9~0xda~0xdb.
[    3.192579][2 T1     ..] .
[    3.193090][2 T1     ..] .
[    3.195523][2 T1     ..] dim:dim_probe:ok
[    3.202719][2 T1     ..] input: cec_input as /devices/virtual/input/input0
[    3.209225][2 T1     ..] cec: [hdmitx_notify_callback] unsupported notify:3
[    3.217010][2 T1     ..] adc_probe ver:20231114: S4D adjust adc clk config
[    3.222525][2 T1     ..] amvdec_csi module: init.
[    3.227029][2 T1     ..] amvdec_csi_init_module:major 484
[    3.232570][2 T1     ..] amvdec_csi module: init. ok
[    3.237438][2 T1     ..] [viuin..]viuin_init_module viuin module init
[    3.244002][2 T1     ..] [viuin..]viuin_probe probe ok.
[    3.248981][2 T1     ..] [viuin..]viuin_init_module done
[    3.254285][2 T1     ..] vsync_pts_inc 1800 1/50
[    3.259110][2 T1     ..] frc: frc_init:module init
[    3.263594][2 T69    ..] cec: wakeup_reason:0x0
[    3.268516][2 T1     ..] codecmm dmaheap:enter amlogic_codec_mm_dma_buf_init
[    3.275417][2 T1     ..] Can't register major for aml_msync device
[    3.282898][2 T1     ..] [drm:meson_of_init] *ERROR* osd_axi_sel parser failed and set default 0
[    3.290043][2 T1     ..] [drm] meson_video_parse_config:vfm_mode = 1
[    3.296345][2 T1     ..] register_osd_status_cb: SBTM register osd enable status func
[    3.304141][2 T1     ..] register osd enable status func
[    3.309485][2 T1     ..] [drm] osd plane 0 create done, occupied-0 crtc_mask-0 type-1 osd_reverse-0
[    3.318512][2 T1     ..] [drm] osd plane 1 create done, occupied-0 crtc_mask-0 type-0 osd_reverse-0
[    3.327468][2 T1     ..] [drm] video plane 0 create done
[    3.332748][2 T1     ..] [drm] video plane 1 create done
[    3.338218][2 T1     ..] [drm] meson_vpu_reg_handle_register, vpp0-6
[    3.344469][2 T1     ..] secure_register module=0 ok
[    3.349299][2 T1     ..] secure_register module=0 ok
[    3.354255][2 T1     ..] [drm] video_hw_init:vfm_mode = 1
[    3.359625][2 T1     ..] [drm] video_hw_init:vfm_mode = 1
[    3.365039][2 T1     ..] meson drm-subsystem: bound ff900000.drm-vpu (ops am_meson_vpu_component_ops)
[    3.374267][2 T1     ..] [hdmitx:] meson_hdmitx_bind hdmi [0]
[    3.379914][2 T1     ..] meson drm-subsystem: bound 0.amhdmitx (ops meson_hdmitx_bind_ops)
[    3.388150][2 T1     ..] cvbsout: meson_cvbs_bind cvbs [0]
[    3.393585][2 T1     ..] meson drm-subsystem: bound drm-amcvbsout (ops meson_cvbs_bind_ops)
[    3.401902][2 T1     ..] [drm] [meson_dummyl_dev_bind]-[190] called
[    3.408151][2 T1     ..] meson_dummyl_bind dummyl[0]
[    3.413088][2 T1     ..] meson drm-subsystem: bound dummy_venc (ops meson_dummyl_bind_ops)
[    3.421935][2 T1     ..] [drm] logo_skip = 0
[    3.425588][2 T1     ..] [drm] allocate reserved mem
[    3.430517][2 T1     ..] [drm] of read reservememsize=0x800000--0x7f800000
[    3.437362][2 T1     ..] [drm] logo0 width=1920,height=1080,start_addr=0x0x000000007f800000,size=8388608
[    3.447243][2 T1     ..] [drm] Found Connector[11] mode[2160p50hz]
[    3.453000][2 T1     ..] [hdmitx:] qms brr 96 qms_en 0
[    3.458065][2 T1     ..] [drm] build_hdmitx_attr_str:420,8bit = 3+8
[    3.464407][2 T1     ..] [drm] am_meson_crtc_atomic_enable-[0] in: new[2160p50hz], old[], vmode[0-4], uboot[1]
[    3.474286][2 T1     ..] [drm] am_meson_crtc_atomic_enable-[0]: enable mode 2160p50hz final vmode 0
[    3.483329][2 T1     ..] [hdmitx:] skip real mode setting for uboot init
[    3.489959][2 T1     ..] DOLBY: vout_notify_callback: VOUT_EVENT_MODE_CHANGE
[    3.496976][2 T1     ..] vsync_pts_inc 1800 1/50
[    3.501595][2 T1     ..] [drm] meson_vout_update_mode_name: hdmitx update vout 1 name 2160p50hz.
ead_ao no reg:0x11
write_ao no reg:0x11[cec_get_wakeup_info1]: info=0x0
rea[    3.522604][1 T1     ..] [drm] Initialized meson 2.0.0 20220603 for drm-subsystem on minor 0
[    3.526539][3 T1     ..] GACT probability NOT on
[    3.530169][3 T1     ..] Mirror/redirect action on
[    3.534913][3 T1     ..] netem: version 1.3
[    3.539121][3 T1     ..] u32 classifier
[    3.542866][3 T1     ..]     input device check on
[    3.547631][3 T1     ..]     Actions configured
[    3.553008][3 T1     ..] xt_time: kernel timezone is -0000
[    3.557720][3 T1     ..] ipip: IPv4 and MPLS over IPv4 tunneling driver
[    3.564523][3 T1     ..] gre: GRE over IPv4 demultiplexor driver
[    3.570170][3 T1     ..] ip_gre: GRE over IPv4 tunneling driver
[    3.576755][3 T1     ..] IPv4 over IPsec tunneling driver
[    3.581720][3 T1     ..] Initializing XFRM netlink socket
[    3.586857][3 T1     ..] IPsec XFRM device driver
[    3.591786][3 T1     ..] NET: Registered PF_INET6 protocol family
[    3.599043][0 T1     ..] Segment Routing with IPv6
[    3.602495][0 T1     ..] In-situ OAM (IOAM) with IPv6
[    3.607485][0 T1     ..] mip6: Mobile IPv6
[    3.611918][0 T1     ..] sit: IPv6, IPv4 and MPLS over IPv4 tunneling driver
[    3.619028][0 T1     ..] ip6_gre: GRE over IPv6 tunneling driver
[    3.624928][0 T1     ..] NET: Registered PF_PACKET protocol family
[    3.630599][0 T1     ..] NET: Registered PF_KEY protocol family
[    3.636618][0 T1     ..] NET: Registered PF_VSOCK protocol family
[    3.644070][0 T1     ..] registered taskstats version 1
[    3.647763][0 T1     ..] Loading compiled-in X.509 certificates
[    3.655573][2 T1     ..] Loaded X.509 cert 'Build time autogenerated kernel key: 5caafa3a31879ec5a178282df5eb458bdc23edfc'
[    3.665503][2 T1     ..] page_owner is disabled
[    3.669222][2 T1     ..] Key type .fscrypt registered
[    3.674168][2 T1     ..] Key type fscrypt-provisioning registered
[    3.680543][2 T1     ..] pstore: Using crash dump compression: deflate
d_ao no reg:0x12
write_ao no reg:0x12[cec_get_wakeup_info2]: info=0x0
[    3.698612][2 T69    ..] cec: wakeup_data: 0x0 0x0
[    3.702650][3 T8     ..] [pwm_regulator_init_state] Get return < i-1:3
[    3.704318][3 T8     ..] vddcpu0: supplied by regulator-dummy
[    3.711251][0 T8     ..] fe078000.serial: ttyS1 at MMIO 0xfe078000 (irq = 44, base_baud = 1500000) is a meson_uart
vmin:72 d8 7 0!
[    3.723211][0 T8     ..] cpufreq: cpufreq_online: CPU0: Running at unlisted initial frequency: 1992000 KHz, changing to: 2004000 KHz
[    3.733948][0 T8     ..] cpu cpu0: EM: created perf domain
[    3.740347][2 T1     ..] clk: Disabling unused clocks
[    3.744359][2 T1     ..] ALSA dev[    3.753385][2 T1     ..] Freeing unused kernel memory: 1664K
[    3.753457][2 T1     ..] Run /init as init process
[    3.771956][2 T1     ..] init: init first stage started!
[    3.773604][2 T1     ..] init: Loading module /lib/modules/amlogic-hwspinlock.ko with args ''
[    3.780289][2 T1     ..] amlogic_hwspinlock: module verification failed: signature and/or required key missing - tainting kernel
[    3.792758][2 T1     ..] init: Loaded kernel module /lib/modules/amlogic-hwspinlock.ko
[    3.799708][2 T1     ..] init: Loading module /lib/modules/user_fault.ko with args ''
[    3.810582][2 T1     ..] init: Loaded kernel module /lib/modules/user_fault.ko
[    3.814773][2 T1     ..] init: Loading module /lib/modules/gpio-regulator.ko with args ''
[    3.823571][2 T1     ..] init: Loaded kernel module /lib/modules/gpio-regulator.ko
[    3.830448][2 T1     ..] init: Loading module /lib/modules/aml_smmu.ko with args ''
[    3.840769][2 T1     ..] init: Loaded kernel module /lib/modules/aml_smmu.ko
[    3.845050][2 T1     ..] init: Loading module /lib/modules/zte_powerdetect.ko with args ''
[    3.849640][1 T115   ..] aml_init_mm: ffffffef09c51728
[    3.858847][2 T1     ..] ztebsp: powerdetect_init
[    3.864308][2 T1     ..] bdctrl:board_type = 21
[    3.867413][2 T1     ..] bdctrl:boot_revision = 0
[    3.872499][2 T1     ..] bdctrl:bdctrl: driver register version 2.0
[    3.878357][2 T1     ..] bdctrl:bdctrl: usb_en is 462 bdctrl_probe
[    3.884576][2 T1     ..] bdctrl_probe 474 ###### xts_debug: force_wakeup_flag=0
[    3.896485][2 T1     ..] input: gpio_keypad as /devices/platform/gpio_keypad/input/input1
[    3.900664][2 T1     ..] input: ir_keypad_common as /devices/virtual/input/input2
AOCPU unknown cmd=f8
[    3.925249][0 T1     ..] input: ir_keypad0_0 as /devices/platform/fe084040.ir/input/input3
[    3.930733][0 T1     ..] meson-saradc fe026000.saradc: supply vref not found, using dummy regulator
[    3.940156][0 T1     ..] meson-tsensor fe020000.p_tsensor: Does not support reset func..
[    3.945213][0 T1     ..] [thermal]: trim info = 860080ad
[    3.950451][0 T1     ..] [thermal]: r1p1_tsensor_read  valid cnt is 0, tvalue:0
[    3.972564][0 T1     ..] [thermal]: thermal: register cpucore failed
[    3.973289][0 T1     ..] [thermal]: meson_cdev one or more cooldev register fail
[    3.994570][0 T1     ..] [usb]: call amlogic_new_c2_usb2_v2_driver_init() ret=-1
[    3.996355][0 T1     ..] [usb]: call amlogic_new_c2_usb3_v2_driver_init() ret=-1
[    4.004215][0 T1     ..] [usb]: call amlogic_cc_driver_init() ret=-1
[    4.010026][0 T1     ..] [usb]: call amlogic_bc_driver_init() ret=-1
[    4.016885][0 T1     ..] amlogic-new-usb3-v2 fe03a080.usb3phy: This phy has no usb port
[    4.024454][0 T1     ..] amlogic-new-usb3-v2 fe03a080.usb3phy: This is normal phy
[    4.033360][0 T1     ..] amlogic-new-usb2-v2 fe03a000.usb2phy: phy trim value= 0x0000007f
[    4.039942][0 T1     ..] amlogic-new-usb2-v2 fe03a000.usb2phy: phy trim value= 0x0000007f
[    4.048423][0 T1     ..] crg fde00000.crg: Unsupported mode 0
[    4.053798][0 T1     ..] crg fde00000.crg: IRQ host not found
[    4.059512][0 T1     ..] crg fde00000.crg: IRQ crg_usb3 not found
[    4.066055][0 T1     ..] xhci-hcd-meson xhci-hcd-meson.0.auto: meson-quirks=0x90b06---
[    4.073641][0 T1     ..] amlogic-new-usb2-v2 fe03a000.usb2phy: phy trim value= 0x0000007f
[    4.081698][0 T1     ..] amlogic-new-usb2-v2 fe03a000.usb2phy: phy trim value= 0x0000007f
[    4.089967][0 T1     ..] xhci-hcd-meson xhci-hcd-meson.0.auto: xHCI Host Controller
[    4.097403][0 T1     ..] xhci-hcd-meson xhci-hcd-meson.0.auto: new USB bus registered, assigned bus number 1
[    4.107505][0 T1     ..] xhci-hcd-meson xhci-hcd-meson.0.auto: hcc params 0x08000f80 hci version 0x110 quirks 0x0000200020810090
[    4.118740][0 T1     ..] xhci-hcd-meson xhci-hcd-meson.0.auto: irq 27, io mem 0xfde00000
[    4.126966][0 T1     ..] xhci-hcd-meson xhci-hcd-meson.0.auto: xHCI Host Controller
[    4.134403][0 T1     ..] xhci-hcd-meson xhci-hcd-meson.0.auto: new USB bus registered, assigned bus number 2
[    4.144263][0 T1     ..] xhci-hcd-meson xhci-hcd-meson.0.auto: Host supports USB 3.0 SuperSpeed
[    4.152990][0 T1     ..] usb usb1: New USB device found, idVendor=1d6b, idProduct=0002, bcdDevice= 5.15
[    4.162280][0 T1     ..] usb usb1: New USB device strings: Mfr=3, Product=2, SerialNumber=1
[    4.170533][0 T1     ..] usb usb1: Product: xHCI Host Controller
[    4.176512][0 T1     ..] usb usb1: Manufacturer: Linux 5.15.170-android14-11-maybe-dirty xhci-hcd
[    4.185411][0 T1     ..] usb usb1: SerialNumber: xhci-hcd-meson.0.auto
[    4.192148][0 T1     ..] hub 1-0:1.0: USB hub found
[    4.196729][0 T1     ..] hub 1-0:1.0: 2 ports detected
[    4.202222][0 T1     ..] usb usb2: We don't know the algorithms for LPM for this host, disabling LPM.
[    4.211110][0 T1     ..] usb usb2: New USB device found, idVendor=1d6b, idProduct=0003, bcdDevice= 5.15
[    4.220371][0 T1     ..] usb usb2: New USB device strings: Mfr=3, Product=2, SerialNumber=1
[    4.228827][0 T1     ..] usb usb2: Product: xHCI Host Controller
[    4.234667][0 T1     ..] usb usb2: Manufacturer: Linux 5.15.170-android14-11-maybe-dirty xhci-hcd
[    4.243571][0 T1     ..] usb usb2: SerialNumber: xhci-hcd-meson.0.auto
[    4.250268][0 T1     ..] hub 2-0:1.0: USB hub found
[    4.254879][0 T1     ..] hub 2-0:1.0: config failed, hub doesn't have any ports! (err -19)
[    4.305915][0 T1     ..] EXT4-fs (dm-0): mounted filesystem without journal. Opts: barrier=1. Quota mode: none.
[    4.316587][3 T1     ..] EXT4-fs (dm-4): mounted filesystem without journal. Opts: barrier=1. Quota mode: none.
[    4.323918][0 T1     ..] EXT4-fs (dm-6): mounted filesystem without journal. Opts: barrier=1. Quota mode: none.
[    4.335173][2 T1     ..] EXT4-fs (dm-1): mounted filesystem without journal. Opts: barrier=1. Quota mode: none.
[    4.343704][0 T1     ..] EXT4-fs (dm-2): mounted filesystem without journal. Opts: barrier=1. Quota mode: none.
[    4.353916][0 T1     ..] EXT4-fs (dm-3): mounted filesystem without journal. Opts: barrier=1. Quota mode: none.
[    4.364212][1 T1     ..] EXT4-fs (dm-5): mounted filesystem without journal. Opts: errors=panic. Quota mode: none.
[    4.374111][0 T1     ..] EXT4-fs (dm-7): mounted filesystem without journal. Opts: errors=panic. Quota mode: none.
[    4.384195][0 T1     ..] EXT4-fs (mmcblk0p19): mounted filesystem without journal. Opts: barrier=1. Quota mode: none.
[    4.393640][2 T1     ..] EXT4-fs (mmcblk0p17): Ignoring removed nomblk_io_submit option
[    4.402098][2 T1     ..] EXT4-fs (mmcblk0p17): mounted filesystem with ordered data mode. Opts: nodelalloc,nomblk_io_submit,errors=panic. Quota mode: none.
[    4.426082][2 T1     ..] printk: init: 68 output lines suppressed due to ratelimiting
[    4.521806][2 T1     ..] init: [libfs_mgr] zramsize = 629145600
[    4.523968][2 T1     ..] init: Opening SELinux policy
[    4.528854][2 T1     ..] init: Falling back to standard signature check. TODO implement support for fsverity SEPolicy.
[    4.537871][2 T1     ..] init: Error: Apex SEPolicy failed signature check
[    4.544663][2 T1     ..] init: Loading APEX Sepolicy from /system/etc/selinux/apex/SEPolicy.zip
[    4.553359][2 T1     ..] init: Failed to open package /system/etc/selinux/apex/SEPolicy.zip: No such file or directory
[    4.572413][2 T1     ..] init: Loading SELinux policy
[    4.598484][2 T1     ..] SELinux:  Permission bpf in class capability2 not defined in policy.
[    4.601485][2 T1     ..] SELinux:  Permission checkpoint_restore in class capability2 not defined in policy.
[    4.611203][2 T1     ..] SELinux:  Permission bpf in class cap2_userns not defined in policy.
[    4.619682][2 T1     ..] SELinux:  Permission checkpoint_restore in class cap2_userns not defined in policy.
[    4.629578][2 T1     ..] SELinux:  Class mctp_socket not defined in policy.
[    4.636428][2 T1     ..] SELinux: the above unknown classes and permissions will be denied
[    4.650861][2 T1     ..] SELinux:  policy capability network_peer_controls=1
[    4.652345][2 T1     ..] SELinux:  policy capability open_perms=1
[    4.658354][2 T1     ..] SELinux:  policy capability extended_socket_class=1
[    4.665372][2 T1     ..] SELinux:  policy capability always_check_network=0
[    4.672349][2 T1     ..] SELinux:  policy capability cgroup_seclabel=0
[    4.678811][2 T1     ..] SELinux:  policy capability nnp_nosuid_transition=1
[    4.685836][2 T1     ..] SELinux:  policy capability genfs_seclabel_symlinks=0
[    4.693019][2 T1     ..] SELinux:  policy capability ioctl_skip_cloexec=0
[    4.816119][3 T45    ..] audit: type=1403 audit(4.812:2): auid=4294967295 ses=4294967295 lsm=selinux res=1
[    4.826148][1 T1     ..] selinux: SELinux: Loaded file context from:
[    4.826888][1 T1     ..] selinux:            /system/etc/selinux/plat_file_contexts
[    4.833787][1 T1     ..] selinux:            /system_ext/etc/selinux/system_ext_file_contexts
[    4.841868][3 T45    ..] audit: type=1404 audit(4.836:3): enforcing=1 old_enforcing=0 auid=4294967295 ses=4294967295 enabled=1 old-enabled=1 lsm=selinux res=1
[    4.861546][2 T1     ..] printk: init: 3 output lines suppressed due to ratelimiting
[    4.883837][2 T1     ..] init: init second stage started!
[    4.925001][1 T1     ..] selinux: SELinux: Loaded file context from:
[    4.925741][1 T1     ..] selinux:            /system/etc/selinux/plat_file_contexts
[    4.932644][1 T1     ..] selinux:            /system_ext/etc/selinux/system_ext_file_contexts
[    4.940326][1 T1     ..] selinux:            /product/etc/selinux/product_file_contexts
[    4.947500][1 T1     ..] selinux:            /vendor/etc/selinux/vendor_file_contexts
[    4.979776][1 T1     ..] init: Using Android DT directory /proc/device-tree/firmware/android/
[    4.987285][1 T1     ..] init: Do not have permissions to set 'persist.bluetooth.btsnooplogmode' to 'disable' in property file '/system/build.prop': Property type check failed, value doesn't match expected type 'enum empty disabled filtered full'
[    5.012430][3 T45    ..] audit: type=1107 audit(5.008:4): pid=1 uid=0 auid=4294967295 ses=4294967295 subj=u:r:init:s0 msg='avc:  denied  { set } for property=wc_transport.soc_initialized pid=1 uid=0 gid=0 scontext=u:r:vendor_init:s0 tcontext=u:object_r:default_prop:s0 tclass=property_service permissive=0'
[    5.012512][2 T1     ..] init: Do not have permissions to set 'wc_transport.soc_initialized' to '0' in property file '/vendor/build.prop': SELinux permission check failed
[    5.055572][1 T1     ..] init: Could not set 'ro.boot.dynamic_partitions' to 'true' while loading .prop filesRead-only property was already set
[    5.257551][0 T141   ..] ueventd: ueventd started!
[    5.265648][0 T141   ..] selinux: SELinux: Loaded file context from:
[    5.266390][0 T141   ..] selinux:            /system/etc/selinux/plat_file_contexts
[    5.273332][0 T141   ..] selinux:            /system_ext/etc/selinux/system_ext_file_contexts
[    5.281238][0 T141   ..] selinux:            /product/etc/selinux/product_file_contexts
[    5.288417][0 T141   ..] selinux:            /vendor/etc/selinux/vendor_file_contexts
[    5.295666][0 T141   ..] ueventd: Parsing file /system/etc/ueventd.rc...
[    5.302540][0 T141   ..] ueventd: Added '/vendor/etc/ueventd.rc' to import list
[    5.309225][0 T141   ..] ueventd: Added '/odm/etc/ueventd.rc' to import list
[    5.316794][0 T141   ..] ueventd: Parsing file /vendor/etc/ueventd.rc...
[    5.329188][2 T142   ..] apexd: Bootstrap subcommand detected
[    5.329481][2 T142   ..] cutils-trace: Error opening trace file: No such file or directory (2)
[    5.338292][2 T142   ..] apexd-bootstrap: Scanning /system/apex for pre-installed ApexFiles
[    5.347229][2 T142   ..] apexd-bootstrap: Found pre-installed APEX /system/apex/com.android.tzdata.apex
[    5.358374][2 T142   ..] apexd-bootstrap: Found pre-installed APEX /system/apex/com.android.runtime.apex
[    5.367487][2 T142   ..] apexd-bootstrap: Found pre-installed APEX /system/apex/com.android.tethering.apex
[    5.377140][2 T142   ..] apexd-bootstrap: Found pre-installed APEX /system/apex/com.amlogic.mediaextractor.apex
[    5.386855][2 T142   ..] apexd-bootstrap: Found pre-installed APEX /system/apex/com.android.ipsec.apex
[    5.396303][2 T142   ..] apexd-bootstrap: Found pre-installed APEX /system/apex/com.android.virt.apex
[    5.405611][2 T142   ..] apexd-bootstrap: Found pre-installed APEX /system/apex/com.android.scheduling.apex
[    5.927790][3 T61    ..] lcd vlock_en=0, vlock_mode=0x8 i=101
[    6.678018][3 T180   ..] loop0: detected capacity change from 0 to 68072
[    6.680188][2 T182   ..] loop1: detected capacity change from 0 to 7024
[    6.683788][3 T45    ..] audit: type=1400 audit(6.676:5): avc:  denied  { getattr } for  pid=142 comm="apexd" path="/dev/block/mmcblk0p11" dev="tmpfs" ino=466 scontext=u:r:apexd:s0 tcontext=u:object_r:conf_block_device:s0 tclass=blk_file permissive=0
[    6.688888][2 T183   ..] loop2: detected capacity change from 0 to 34056
[    6.707827][3 T45    ..] audit: type=1400 audit(6.680:6): avc:  denied  { getattr } for  pid=142 comm="apexd" path="/dev/block/mmcblk0p11" dev="tmpfs" ino=466 scontext=u:r:apexd:s0 tcontext=u:object_r:conf_block_device:s0 tclass=blk_file permissive=0
[    6.715374][0 T181   ..] loop3: detected capacity change from 0 to 1568
[    6.736592][3 T45    ..] audit: type=1400 audit(6.712:7): avc:  denied  { getattr } for  pid=142 comm="apexd" path="/dev/block/mmcblk0p11" dev="tmpfs" ino=466 scontext=u:r:apexd:s0 tcontext=u:object_r:conf_block_device:s0 tclass=blk_file permissive=0
[    6.766878][0 T45    ..] audit: type=1400 audit(6.760:8): avc:  denied  { getattr } for  pid=142 comm="apexd" path="/dev/block/mmcblk0p11" dev="tmpfs" ino=466 scontext=u:r:apexd:s0 tcontext=u:object_r:conf_block_device:s0 tclass=blk_file permissive=0
[    6.793656][2 T180   ..] EXT4-fs (loop0): mounted filesystem without journal. Opts: (null). Quota mode: none.
[    6.798075][1 T182   ..] EXT4-fs (loop1): mounted filesystem without journal. Opts: (null). Quota mode: none.
[    6.816877][1 T183   ..] EXT4-fs (loop2): mounted filesystem without journal. Opts: (null). Quota mode: none.
[    6.841530][0 T181   ..] EXT4-fs (loop3): mounted filesystem without journal. Opts: (null). Quota mode: none.
[    6.876747][2 T142   ..] printk: apexd: 45 output lines suppressed due to ratelimiting
[    6.956989][3 T140   ..] amlogic_fbc_lib: module license 'Copyright (C) 2015 Amlogic, Inc. All rights reserved.' taints kernel.
[    6.962877][3 T140   ..] Disabling lock debugging due to kernel taint
[    6.969648][3 T140   ..] register_amlogic_afbc_dec_fun
[    7.075060][1 T140   ..] cuva alg: 2024-04-28 V-0.1, modify division by zero,cuva init set 0 init ok
[    7.080062][1 T140   ..] hdr10_tmo_alg: hdr10_tmo_alg_driver_init insmod ok. v1.0_2023-2-14
[    7.129852][3 T197   ..] aml_crypto_dev fe440400.aml_dma:crypto: Aml crypto device (irq)
[    7.137227][1 T197   ..] [wireless]: [wifi_dev_probe] wifi_pwm_tee = 0
[    7.138812][1 T197   ..] [wireless]: [wifi_dev_probe] use double channel
[    7.145786][1 T197   ..] [wireless]: [wifi_dev_probe] buf_level is :0
[    7.151918][1 T197   ..] [wireless]: [dhd] STATIC-MSG) bcmdhd_init_wlan_mem : 101.10.361.31 (wlan=r892223-20230427-1)
[    7.162642][1 T197   ..] [wireless]: [dhd] STATIC-MSG) dhd_init_wlan_mem : prealloc ok for index 0: 1583104(1546K)
[    7.173397][1 T197   ..] [wireless]: amlogic rfkill init
[    7.178539][3 T8     ..] [wireless]: power_down_disable=1
[    7.183753][3 T57    ..] [wireless]: bt_device_on power_down_disable is 0, is_power_down is 0
[    7.192128][3 T8     ..] input: input_btrcu as /devices/platform/aml_bt/input/input4
[    7.415738][0 T57    ..] [wireless]: [usb_power_control] Set BT power down
[    7.416996][0 T57    ..] [wireless]: [usb_power_control] Set BT power on !
[    7.639302][0 T0     dh] meson-gx-mmc fe088000.sdio: 8 [0x1aa], TIMEOUT[0x2800]
[    7.726796][0 T93    ..] [mmc]: r: b_s = 0, b_sz = 17, f: b_s = 1d, b_sz = 1c
[    7.728297][0 T93    ..] [mmc]: the final result: sel = 1, rx = 2b
[    7.735085][0 T93    ..] mmc2: new ultra high speed SDR104 SDIO card at address 8800
[    7.742641][2 T57    ..] [wireless]: [usb_power_control] Set BT power on !
[    7.766882][1 T197   ..] zram: Added device: zram0
[    7.786065][3 T197   ..] usbcore: registered new device driver r8152-cfgselector
[    7.787938][3 T197   ..] usbcore: registered new interface driver r8152
[    7.803075][3 T197   ..] usbcore: registered new interface driver asix
[    7.807794][3 T197   ..] usbcore: registered new interface driver ax88179_178a
[    7.814624][3 T197   ..] usbcore: registered new interface driver cdc_ether
[    7.822086][3 T197   ..] usbcore: registered new interface driver cdc_ncm
[    7.827863][3 T197   ..] usbcore: registered new interface driver r8153_ecm
[    7.833869][3 T197   ..] i2c_dev: i2c /dev entries driver
[    7.963441][2 T197   ..] aml dvb init
[    7.978582][2 T197   ..] dwc_otg: usb0: type: 2 speed: 0,
[    7.978587][2 T197   ..] config: 0, dma: 0, id: 0,
[    7.978617][2 T197   ..] phy: fe03a000, ctrl: 0
[    7.987853][2 T197   ..] dwc_otg_driver_probe host only, not probe usb_otg!!!
[    8.019891][3 T197   ..] meson-vrtc fe010288.rtc: registered as rtc0
[    8.020634][3 T197   ..] meson-vrtc fe010288.rtc: setting system clock to 1970-01-01T00:00:08 UTC (8)
[    8.056669][0 T197   ..] led:led_major:200 result: 0
[    8.056795][0 T197   ..] led:not get red-gpio
[    8.060388][0 T197   ..] led:not get green-gpio
[    8.068858][2 T197   ..] led:_____1344 > board_type is 21 gpio_init
[    8.071179][2 T197   ..] led:_____1416 > led_pin_power_red is 465 gpio_init
[    8.078288][2 T197   ..] led:_____1417 > led_pin_power_green is 464 gpio_init
[    8.085522][2 T197   ..] led:_____1439 > gpio_init gpio_request ret = 0
[    8.092053][2 T197   ..] led:_____1439 > gpio_init gpio_request ret = 0
[    8.098818][2 T197   ..] led:_____1515 > proc_fs_led_init proc fs init...
[    8.105410][2 T197   ..]  LED_POWER_RED:465, val is :0
[    8.110447][2 T197   ..]  led_pin_power_green:464, val is :1
[    8.116094][2 T197   ..]  LED_POWER_GREEN val is on
[    8.146945][0 T197   ..] g12a-mdio_mux fe028000.mdio-multiplexer: wzh failed to get ethrmii clock
[    8.183399][3 T197   ..] meson8b-dwmac fdc00000.ethernet: IRQ eth_wake_irq not found
[    8.185551][3 T197   ..] meson8b-dwmac fdc00000.ethernet: IRQ eth_lpi not found
[    8.192977][3 T197   ..] meson8b-dwmac fdc00000.ethernet: PTP uses main clock
[    8.201247][3 T197   ..] meson8b-dwmac fdc00000.ethernet: User ID: 0x11, Synopsys ID: 0x37
[    8.208158][3 T197   ..] meson8b-dwmac fdc00000.ethernet:    DWMAC1000
[    8.214463][3 T197   ..] meson8b-dwmac fdc00000.ethernet: DMA HW capability register supported
[    8.223039][3 T197   ..] meson8b-dwmac fdc00000.ethernet: RX Checksum Offload Engine supported
[    8.231623][3 T197   ..] meson8b-dwmac fdc00000.ethernet: COE Type 2
[    8.237946][3 T197   ..] meson8b-dwmac fdc00000.ethernet: TX Checksum insertion supported
[    8.246093][3 T197   ..] meson8b-dwmac fdc00000.ethernet: Wake-Up On Lan supported
[    8.253722][3 T197   ..] meson8b-dwmac fdc00000.ethernet: Normal descriptors
[    8.260675][3 T197   ..] meson8b-dwmac fdc00000.ethernet: Ring mode enabled
[    8.267600][3 T197   ..] meson8b-dwmac fdc00000.ethernet: Enable RX Mitigation via HW Watchdog Timer
[    8.276702][3 T197   ..] meson8b-dwmac fdc00000.ethernet: device MAC address 12:26:42:00:12:26
[    8.286824][3 T197   ..] aml_cust_setting
[    8.289345][3 T197   ..] use default internal_phy as 0
[    8.294634][3 T197   ..] input: input_ethrcu as /devices/platform/soc/fdc00000.ethernet/input/input5
[    8.320655][0 T57    ..] g12a-mdio_mux fe028000.mdio-multiplexer: wzh failed to get ethrmii clock
[    8.328920][0 T57    ..] [mdio-g12a]: tx_amp_addr fe010330
[    8.329375][0 T57    ..] [mdio-g12a]: txamp 0x1732
[    8.334183][0 T57    ..] [mdio-g12a]: use default st_mode
[    8.359709][1 T197   ..] usbcore: registered new interface driver aml_usbcam
[    8.440742][0 T197   ..] audio-ddr-manager fe330000.audiobus:ddr_manager: 0, irqs frddr 32
[    8.443555][0 T197   ..] audio-ddr-manager fe330000.audiobus:ddr_manager: 1, irqs frddr 33
[    8.459922][0 T197   ..] audio-ddr-manager fe330000.audiobus:ddr_manager: 2, irqs frddr 34
[    8.475817][0 T197   ..] audio-ddr-manager fe330000.audiobus:ddr_manager: 3, irqs frddr 35
[    8.481736][0 T197   ..] snd_pdm fe330000.audiobus:pdm: Can't retrieve xtal_clk clock
[    8.486358][0 T197   ..] snd_pdm fe330000.audiobus:pdm: no clk_src_cd clock for 44k case
[    8.495334][0 T197   ..] [snd-soc]: failed to get data_lb_ratec
[    8.502094][0 T197   ..] snd_spdif fe330000.audiobus:spdif@0: Can't retrieve suspend-clk-off
[    8.509072][0 T197   ..] snd_spdif fe330000.audiobus:spdif@1: Can't retrieve suspend-clk-off
[    8.519473][0 T197   ..] snd_tdm fe330000.audiobus:tdm@0: Can't retrieve suspend-clk-off
[    8.525829][0 T197   ..] snd_tdm fe330000.audiobus:tdm@1: Can't retrieve suspend-clk-off
[    8.533571][0 T197   ..] snd_tdm fe330000.audiobus:tdm@2: Can't retrieve suspend-clk-off
[    8.542852][0 T197   ..] input: vad_keypad as /devices/platform/soc/fe330000.audiobus/fe330000.audiobus:vad/input/input6
[    8.565804][3 T57    ..] asoc-aml-card auge_sound: aml_card_dai_link_of, error dai-link idx:2, error getting codec dai, ret -517
[    8.579808][3 T57    ..] [snd-soc]: aml_card_probe error ret:-517
[    8.581717][3 T57    ..] asoc-aml-card auge_sound: aml_card_dai_link_of, error dai-link idx:2, error getting codec dai, ret -517
[    8.602206][0 T197   ..] aml_codec_T9015 fe01a000.t9015: aml_T9015_audio_codec_probe
[    8.603790][3 T57    ..] [snd-soc]: aml_card_probe error ret:-517
[    8.604612][0 T197   ..] [snd-codec-t9015]: T9015 acodec tdmout index:2
[    8.633307][3 T57    ..] asoc-aml-card auge_sound: IRQ audio_exception64 not found
[    8.636059][3 T57    ..] [snd-codec-t9015]: call standard reset interface
[    8.908946][0 T57    ..] aml_codec_T9015 fe01a000.t9015: ASoC: source widget Left DAC overwritten
[    8.912942][0 T57    ..] [snd-soc]: aml_set_spdifclk_s4: spdif_id 1, force_mpll = 0, freq = 6144000
[    8.931873][0 T57    ..] [snd-soc]:
[    8.931873][0 T57    ..] loopback_dai_set_sysclk, 0, 12288000, 0
[    8.935828][0 T57    ..] [snd-soc]: asoc loopback_dai_set_fmt, 0x4010, 0000000063fff442
[    8.957290][0 T57    ..] [snd-soc]: no node audio_effect for eq/drc info!
[    9.242459][2 T206   ..] servicemanager: Starting sm instance on /dev/binder
[    9.250087][2 T206   ..] SELinux: Multiple same specifications for tv_remote.
[    9.253659][2 T206   ..] SELinux: SELinux: Loaded service context from:
[    9.259088][2 T206   ..] SELinux:            /system/etc/selinux/plat_service_contexts
[    9.265710][2 T206   ..] SELinux:            /system_ext/etc/selinux/system_ext_service_contexts
[    9.275079][2 T206   ..] SELinux:            /product/etc/selinux/product_service_contexts
[    9.280818][2 T206   ..] SELinux:            /vendor/etc/selinux/vendor_service_contexts
[    9.315219][2 T204   ..] logd.auditd: start
[    9.315273][2 T204   ..] logd.klogd: 9311551586
[    9.341604][2 T204   ..] logd: Loaded bug_map file: /system_ext/etc/selinux/bug_map
[    9.343997][2 T204   ..] logd: Loaded bug_map file: /vendor/etc/selinux/selinux_denial_metadata
[    9.354795][2 T204   ..] logd: Loaded bug_map file: /system/etc/selinux/bug_map
[    9.372233][1 T140   ..] [efuse-unifykey]: already inited!
[    9.380387][1 T217   ..] type=1400 audit(9.828:9): avc:  denied  { write } for  comm="init" name="watermark_boost_factor" dev="proc" ino=16693 scontext=u:r:vendor_init:s0 tcontext=u:object_r:proc_watermark_boost_factor:s0 tclass=file permissive=0
[    9.407206][1 T140   ..] mali_kbase: loading out-of-tree module taints kernel.
[    9.428413][3 T57    ..] mali fe400000.bifrost: Kernel DDK version r47p0-01eac0
[    9.430144][3 T57    ..] mali fe400000.bifrost: GPU metrics tracepoint support enabled
[    9.440283][3 T57    ..] clk mali have enabled
[    9.444070][3 T57    ..] mali fe400000.bifrost: Register LUT 00070000 initialized for GPU arch 0x00070009
[    9.453623][3 T57    ..] mali fe400000.bifrost: GPU identified as 0x3 arch 7.0.9 r0p0 status 0
[    9.461851][3 T57    ..] mali fe400000.bifrost: No priority control manager is configured
[    9.468726][3 T57    ..] mali fe400000.bifrost: Large page support was disabled at compile-time!
[    9.478400][3 T57    ..] mali fe400000.bifrost: No memory group manager is configured
[    9.487123][3 T57    ..] mali fe400000.bifrost: Probed as mali0
[    9.515635][0 T140   ..] init: wait for '/dev/audio_utils' took 0ms
[    9.516799][0 T140   ..] init: wait for '/dev/dolby_fw' took 0ms
[    9.524492][3 T219   ..] [wireless]: [pci_remove] pci remove!
[    9.528041][3 T219   ..] [wireless]: [usb_power_control] Set WiFi power on !
[    9.528089][2 T140   ..] init: wait for '/odm/lib/ms12' took 0ms
[    9.535792][3 T219   ..] [wireless]: [pci_reinit] pci wifi reinit!
[    9.549385][2 T219   ..] [wireless]: [wifi_power_ioctl] Set sdio wifi power up!
[    9.561008][2 T219   ..] [wireless]: [wifi_power_ioctl] ioctl Set sdio wifi power down!
[    9.648265][2 T206   ..] cutils-trace: Error opening trace file: No such file or directory (2)
[    9.690555][0 T140   ..] [media_clock]: dos_register_probe, res start fe320000, end fe32ffff, iomap: ffffffc008850000
[    9.695645][0 T140   ..] [media_clock]: dos_register_probe, res start fe036000, end fe037fff, iomap: ffffffc008846000
[    9.696270][2 T217   ..] type=1400 audit(10.168:10): avc:  denied  { read write } for  comm="resmanload" name="amresource_mgr" dev="tmpfs" ino=566 scontext=u:r:resmanload:s0 tcontext=u:object_r:codec_device:s0 tclass=chr_file permissive=0
[    9.706438][0 T140   ..] [media_clock]: of_address_to_resource failed
[    9.733634][0 T140   ..] [media_clock]: initial_dos_device end, chip 55(0)
[    9.748171][1 T140   ..] [firmware]: read format in dts failed, ret = -22
[    9.774210][3 T140   ..] vdec vdec: Get pwrc-hcodec failed, pm-domain: 0
[    9.775283][3 T140   ..] vdec vdec: Get pwrc-vdec-2 failed, pm-domain: 0
[    9.782294][3 T140   ..] vdec vdec: Get pwrc-hevcb failed, pm-domain: 0
[    9.789174][3 T140   ..] vdec vdec: Get pwrc-wave failed, pm-domain: 0
[    9.807233][3 T140   ..] Amlogic A/V streaming port init
[    9.952662][2 T1     ..] mke2fs: mke2fs 1.46.6 (1-Feb-2023)
[    9.970266][1 T1     ..] mke2fs: Discarding device blocks: done
[    9.980266][3 T1     ..] mke2fs: Creating filesystem with 4096 4k blocks and 4096 inodes
[   10.011797][2 T1     ..] mke2fs:
[   10.011838][2 T1     ..] mke2fs: Allocating group tables: done
[   10.019061][2 T1     ..] mke2fs: Writing inode tables: done
[   10.061008][0 T1     ..] mke2fs: Creating journal (1024 blocks): done
[   10.069500][3 T206   ..] servicemanager: getDeviceHalManifest: Reading VINTF information.
[   10.072298][0 T1     ..] mke2fs: Writing superblocks and filesystem accounting information: done
[   10.089465][0 T1     ..] mke2fs:
[   10.093899][3 T206   ..] servicemanager: getDeviceHalManifest: Successfully processed VINTF information
[   10.169739][1 T1     ..] e2fsdroid: Created filesystem with 11/4096 inodes and 1545/4096 blocks
[   10.178208][1 T1     ..] EXT4-fs (mmcblk0p24): Ignoring removed nomblk_io_submit option
[   10.214251][3 T1     ..] EXT4-fs (mmcblk0p24): mounted filesystem with ordered data mode. Opts: errors=remount-ro,nomblk_io_submit. Quota mode: none.
[   10.303780][0 T8     ..] [TEE] E/TC:? 00 tee_rpmb_verify_key_sync_counter:967 Verify key returning 0xffff0008
[   10.311427][0 T8     ..] [TEE] E/TC:? 00 [ATOS] *ERROR* TA version table not ready, RPMB inaccessible!
[   10.323896][1 T8     ..] [TEE] E/LD:   init_elf:259 sys_open_ta_bin(526fc4fc-7ee6-4a12-96e3-83da9565bce8)
[   10.335845][1 T8     ..] [TEE] E/TC:? 00 init_with_ldelf:229 ldelf failed with res: 0xf0100003
[   10.392431][0 T1     ..] EXT4-fs (mmcblk0p24): Ignoring removed nomblk_io_submit option
[   10.408665][2 T1     ..] EXT4-fs (mmcblk0p24): mounted filesystem with ordered data mode. Opts: nodelalloc,nomblk_io_submit,errors=panic. Quota mode: none.
[   10.428998][1 T1     ..] init: [libfs_mgr] mount_with_alternatives(): skipping mount due to invalid magic, mountpoint=/mnt/vendor/param blk_dev=/dev/block/mmcblk0p16 rec[12].fs_type=ext4
[   10.440751][1 T1     ..] init: [libfs_mgr] fs_mgr_mount_all(): /dev/block/mmcblk0p16 is wiped and /mnt/vendor/param ext4 is formattable. Format it.
[   10.463153][3 T1     ..] init: [libfs_mgr] fs_mgr_do_format: Format /dev/block/by-name/param as 'ext4'
[   10.639820][2 T1     ..] EXT4-fs (mmcblk0p16): Ignoring removed nomblk_io_submit option
[   10.644732][3 T1     ..] EXT4-fs (mmcblk0p16): mounted filesystem with ordered data mode. Opts: errors=remount-ro,nomblk_io_submit. Quota mode: journalled.
[   10.690549][2 T1     ..] EXT4-fs (mmcblk0p16): Ignoring removed nomblk_io_submit option
[   10.696284][2 T1     ..] EXT4-fs (mmcblk0p16): mounted filesystem with ordered data mode. Opts: nodelalloc,nomblk_io_submit,errors=panic. Quota mode: journalled.
[   10.709125][2 T1     ..] init: [libfs_mgr] mount_with_alternatives(): skipping mount due to invalid magic, mountpoint=/cache blk_dev=/dev/block/mmcblk0p23 rec[13].fs_type=ext4
[   10.723837][2 T1     ..] init: [libfs_mgr] fs_mgr_mount_all(): /dev/block/mmcblk0p23 is wiped and /cache ext4 is formattable. Format it.
[   10.735280][2 T1     ..] init: [libfs_mgr] fs_mgr_do_format: Format /dev/block/by-name/rsv as 'ext4'
[   10.909451][3 T1     ..] EXT4-fs (mmcblk0p23): Ignoring removed nomblk_io_submit option
[   10.915229][2 T1     ..] EXT4-fs (mmcblk0p23): mounted filesystem with ordered data mode. Opts: errors=remount-ro,nomblk_io_submit. Quota mode: journalled.
[   10.958264][2 T1     ..] EXT4-fs (mmcblk0p23): Ignoring removed nomblk_io_submit option
[   10.963093][2 T1     ..] EXT4-fs (mmcblk0p23): mounted filesystem with ordered data mode. Opts: nodelalloc,nomblk_io_submit,errors=panic. Quota mode: journalled.
[   10.976527][1 T1     ..] init: [libfs_mgr] mount_with_alternatives(): skipping mount due to invalid magic, mountpoint=/mnt/vendor/tee blk_dev=/dev/block/mmcblk0p9 rec[14].fs_type=ext4
[   10.992061][1 T1     ..] init: [libfs_mgr] fs_mgr_mount_all(): /dev/block/mmcblk0p9 is wiped and /mnt/vendor/tee ext4 is formattable. Format it.
[   11.004293][1 T1     ..] init: [libfs_mgr] fs_mgr_do_format: Format /dev/block/by-name/tee as 'ext4'
[   11.147531][1 T1     ..] EXT4-fs (mmcblk0p9): Ignoring removed nomblk_io_submit option
[   11.151464][2 T1     ..] EXT4-fs (mmcblk0p9): mounted filesystem with ordered data mode. Opts: errors=remount-ro,nomblk_io_submit. Quota mode: none.
[   11.187773][3 T1     ..] EXT4-fs (mmcblk0p9): Ignoring removed nomblk_io_submit option
[   11.191671][3 T1     ..] EXT4-fs (mmcblk0p9): mounted filesystem with ordered data mode. Opts: nodelalloc,nomblk_io_submit,errors=panic. Quota mode: none.
[   11.209687][3 T1     ..] FAT-fs (mmcblk0p4): Volume was not properly unmounted. Some data may be corrupt. Please run fsck.
[   11.222642][3 T1     ..] init: Control message: Could not find 'aidl/android.hardware.graphics.composer3.IComposer/default' for ctl.interface_start from pid: 206 (/system/bin/servicemanager)
[   11.405535][1 T291   ..] android.hardware.boot-service: [libfs_mgr] zramsize = 629145600
[   11.410971][1 T291   ..] android.hardware.boot-service: [libfs_mgr] zramsize = 629145600
[   11.418290][1 T291   ..] android.hardware.boot-service: [libfs_mgr] zramsize = 629145600
[   11.425968][0 T291   ..] android.hardware.boot-service: boot_ctrl.roll_flag =
[   11.433466][0 T291   ..] android.hardware.boot-service: IBootControl AIDL service running...
[   11.454544][1 T223   ..] Checkpoint: No magic
[   11.454879][3 T297   ..] vdc: Command: checkpoint restoreCheckpoint /dev/block/by-name/userdata Failed: Status(-8, EX_SERVICE_SPECIFIC): '22: No magic'
[   11.497829][1 T291   ..] android.hardware.boot-service: sys.boot_completed:
[   12.383766][2 T57    ..] [TEE] E/TC:? 00 [ATOS] *ERROR* TA version table not ready, RPMB inaccessible!
[   12.387447][2 T57    ..] [TEE] E/LD:   init_elf:259 sys_open_ta_bin(8efb1e1c-37e5-4326-a5d6-8c33726c7d57)
[   12.397081][2 T57    ..] [TEE] E/TC:? 00 init_with_ldelf:229 ldelf failed with res: 0xf0100003
[   12.405585][2 T57    ..] [TEE] E/TC:? 00 [ATOS] *ERROR* TA version table not ready, RPMB inaccessible!
[   12.414888][2 T57    ..] [TEE] E/LD:   init_elf:259 sys_open_ta_bin(8efb1e1c-37e5-4326-a5d6-8c33726c7d57)
[   12.424462][2 T57    ..] [TEE] E/TC:? 00 init_with_ldelf:229 ldelf failed with res: 0xf0100003
[   12.432985][2 T57    ..] [TEE] E/TC:? 00 [ATOS] *ERROR* TA version table not ready, RPMB inaccessible!
[   12.442243][2 T57    ..] [TEE] E/LD:   init_elf:259 sys_open_ta_bin(8efb1e1c-37e5-4326-a5d6-8c33726c7d57)
[   12.451779][2 T57    ..] [TEE] E/TC:? 00 init_with_ldelf:229 ldelf failed with res: 0xf0100003
[   12.460358][2 T57    ..] [TEE] E/TC:? 00 [ATOS] *ERROR* TA version table not ready, RPMB inaccessible!
[   12.469659][2 T57    ..] [TEE] E/LD:   init_elf:259 sys_open_ta_bin(8efb1e1c-37e5-4326-a5d6-8c33726c7d57)
[   12.479198][2 T57    ..] [TEE] E/TC:? 00 init_with_ldelf:229 ldelf failed with res: 0xf0100003
[   12.487750][2 T57    ..] [TEE] E/TC:? 00 [ATOS] *ERROR* TA version table not ready, RPMB inaccessible!
[   12.497029][2 T57    ..] [TEE] E/LD:   init_elf:259 sys_open_ta_bin(8efb1e1c-37e5-4326-a5d6-8c33726c7d57)
[   12.506593][2 T57    ..] [TEE] E/TC:? 00 init_with_ldelf:229 ldelf failed with res: 0xf0100003
[   12.515135][2 T57    ..] [TEE] E/TC:? 00 [ATOS] *ERROR* TA version table not ready, RPMB inaccessible!
[   12.524420][2 T57    ..] [TEE] E/LD:   init_elf:259 sys_open_ta_bin(8efb1e1c-37e5-4326-a5d6-8c33726c7d57)
[   12.533941][2 T57    ..] [TEE] E/TC:? 00 init_with_ldelf:229 ldelf failed with res: 0xf0100003
[   12.542551][2 T57    ..] [TEE] E/TC:? 00 [ATOS] *ERROR* TA version table not ready, RPMB inaccessible!
[   12.551800][2 T57    ..] [TEE] E/LD:   init_elf:259 sys_open_ta_bin(8efb1e1c-37e5-4326-a5d6-8c33726c7d57)
[   12.561343][2 T57    ..] [TEE] E/TC:? 00 init_with_ldelf:229 ldelf failed with res: 0xf0100003
[   12.569901][2 T57    ..] [TEE] E/TC:? 00 [ATOS] *ERROR* TA version table not ready, RPMB inaccessible!
[   12.579186][2 T57    ..] [TEE] E/LD:   init_elf:259 sys_open_ta_bin(8efb1e1c-37e5-4326-a5d6-8c33726c7d57)
[   12.588733][2 T57    ..] [TEE] E/TC:? 00 init_with_ldelf:229 ldelf failed with res: 0xf0100003
[   12.597286][2 T57    ..] [TEE] E/TC:? 00 [ATOS] *ERROR* TA version table not ready, RPMB inaccessible!
[   12.606591][2 T57    ..] [TEE] E/LD:   init_elf:259 sys_open_ta_bin(8efb1e1c-37e5-4326-a5d6-8c33726c7d57)
[   12.616122][2 T57    ..] [TEE] E/TC:? 00 init_with_ldelf:229 ldelf failed with res: 0xf0100003
[   12.624687][2 T57    ..] [TEE] E/TC:? 00 [ATOS] *ERROR* TA version table not ready, RPMB inaccessible!
[   12.633948][2 T57    ..] [TEE] E/LD:   init_elf:259 sys_open_ta_bin(8efb1e1c-37e5-4326-a5d6-8c33726c7d57)
[   12.643553][2 T57    ..] [TEE] E/TC:? 00 init_with_ldelf:229 ldelf failed with res: 0xf0100003
[   12.652128][2 T57    ..] [TEE] E/TC:? 00 [ATOS] *ERROR* TA version table not ready, RPMB inaccessible!
[   12.661334][2 T57    ..] [TEE] E/LD:   init_elf:259 sys_open_ta_bin(8efb1e1c-37e5-4326-a5d6-8c33726c7d57)
[   12.670894][2 T57    ..] [TEE] E/TC:? 00 init_with_ldelf:229 ldelf failed with res: 0xf0100003
[   12.679442][2 T57    ..] [TEE] E/TC:? 00 [ATOS] *ERROR* TA version table not ready, RPMB inaccessible!
[   12.688752][2 T57    ..] [TEE] E/LD:   init_elf:259 sys_open_ta_bin(8efb1e1c-37e5-4326-a5d6-8c33726c7d57)
[   12.698260][2 T57    ..] [TEE] E/TC:? 00 init_with_ldelf:229 ldelf failed with res: 0xf0100003
[   12.706842][2 T57    ..] [TEE] E/TC:? 00 [ATOS] *ERROR* TA version table not ready, RPMB inaccessible!
[   12.716141][2 T57    ..] [TEE] E/LD:   init_elf:259 sys_open_ta_bin(8efb1e1c-37e5-4326-a5d6-8c33726c7d57)
[   12.725665][2 T57    ..] [TEE] E/TC:? 00 init_with_ldelf:229 ldelf failed with res: 0xf0100003
[   12.734242][2 T57    ..] [TEE] E/TC:? 00 [ATOS] *ERROR* TA version table not ready, RPMB inaccessible!
[   12.743501][2 T57    ..] [TEE] E/LD:   init_elf:259 sys_open_ta_bin(8efb1e1c-37e5-4326-a5d6-8c33726c7d57)
[   12.753049][2 T57    ..] [TEE] E/TC:? 00 init_with_ldelf:229 ldelf failed with res: 0xf0100003
[   12.761638][2 T57    ..] [TEE] E/TC:? 00 [ATOS] *ERROR* TA version table not ready, RPMB inaccessible!
[   12.770960][2 T57    ..] [TEE] E/LD:   init_elf:259 sys_open_ta_bin(8efb1e1c-37e5-4326-a5d6-8c33726c7d57)
[   12.780422][2 T57    ..] [TEE] E/TC:? 00 init_with_ldelf:229 ldelf failed with res: 0xf0100003
[   12.788988][2 T57    ..] [TEE] E/TC:? 00 [ATOS] *ERROR* TA version table not ready, RPMB inaccessible!
[   12.798338][2 T57    ..] [TEE] E/LD:   init_elf:259 sys_open_ta_bin(8efb1e1c-37e5-4326-a5d6-8c33726c7d57)
[   12.807832][2 T57    ..] [TEE] E/TC:? 00 init_with_ldelf:229 ldelf failed with res: 0xf0100003
[   12.816389][2 T57    ..] [TEE] E/TC:? 00 [ATOS] *ERROR* TA version table not ready, RPMB inaccessible!
[   12.825650][2 T57    ..] [TEE] E/LD:   init_elf:259 sys_open_ta_bin(8efb1e1c-37e5-4326-a5d6-8c33726c7d57)
[   12.835237][2 T57    ..] [TEE] E/TC:? 00 init_with_ldelf:229 ldelf failed with res: 0xf0100003
[   12.843778][2 T57    ..] [TEE] E/TC:? 00 [ATOS] *ERROR* TA version table not ready, RPMB inaccessible!
[   12.853030][2 T57    ..] [TEE] E/LD:   init_elf:259 sys_open_ta_bin(8efb1e1c-37e5-4326-a5d6-8c33726c7d57)
[   12.862584][2 T57    ..] [TEE] E/TC:? 00 init_with_ldelf:229 ldelf failed with res: 0xf0100003
[   12.871176][2 T57    ..] [TEE] E/TC:? 00 [ATOS] *ERROR* TA version table not ready, RPMB inaccessible!
[   12.880430][2 T57    ..] [TEE] E/LD:   init_elf:259 sys_open_ta_bin(8efb1e1c-37e5-4326-a5d6-8c33726c7d57)
[   12.889971][2 T57    ..] [TEE] E/TC:? 00 init_with_ldelf:229 ldelf failed with res: 0xf0100003
[   12.898567][2 T57    ..] [TEE] E/TC:? 00 [ATOS] *ERROR* TA version table not ready, RPMB inaccessible!
[   12.907838][2 T57    ..] [TEE] E/LD:   init_el
[   13.919750][1 T57    ..] [TEE] f:259 sys_open_ta_bin(8efb1e1c-37e5-4326-a5d6-8c33726c7d57)
[   13.922393][1 T57    ..] [TEE] E/TC:? 00 init_with_ldelf:229 ldelf failed with res: 0xf0100003
[   13.931032][1 T57    ..] [TEE] E/TC:? 00 [ATOS] *ERROR* TA version table not ready, RPMB inaccessible!
[   13.940269][1 T57    ..] [TEE] E/LD:   init_elf:259 sys_open_ta_bin(8efb1e1c-37e5-4326-a5d6-8c33726c7d57)
[   13.949816][1 T57    ..] [TEE] E/TC:? 00 init_with_ldelf:229 ldelf failed with res: 0xf0100003
[   13.958385][1 T57    ..] [TEE] E/TC:? 00 [ATOS] *ERROR* TA version table not ready, RPMB inaccessible!
[   13.967647][1 T57    ..] [TEE] E/LD:   init_elf:259 sys_open_ta_bin(8efb1e1c-37e5-4326-a5d6-8c33726c7d57)
[   13.977199][1 T57    ..] [TEE] E/TC:? 00 init_with_ldelf:229 ldelf failed with res: 0xf0100003
[   13.985767][1 T57    ..] [TEE] E/TC:? 00 [ATOS] *ERROR* TA version table not ready, RPMB inaccessible!
[   13.995237][1 T57    ..] [TEE] E/LD:   init_elf:259 sys_open_ta_bin(8efb1e1c-37e5-4326-a5d6-8c33726c7d57)
[   14.004731][1 T57    ..] [TEE] E/TC:? 00 init_with_ldelf:229 ldelf failed with res: 0xf0100003
[   14.013333][1 T57    ..] [TEE] E/TC:? 00 [ATOS] *ERROR* TA version table not ready, RPMB inaccessible!
[   14.022436][1 T57    ..] [TEE] E/LD:   init_elf:259 sys_open_ta_bin(8efb1e1c-37e5-4326-a5d6-8c33726c7d57)
[   14.031945][1 T57    ..] [TEE] E/TC:? 00 init_with_ldelf:229 ldelf failed with res: 0xf0100003
[   14.040552][1 T57    ..] [TEE] E/TC:? 00 [ATOS] *ERROR* TA version table not ready, RPMB inaccessible!
[   14.049815][1 T57    ..] [TEE] E/LD:   init_elf:259 sys_open_ta_bin(8efb1e1c-37e5-4326-a5d6-8c33726c7d57)
[   14.059365][1 T57    ..] [TEE] E/TC:? 00 init_with_ldelf:229 ldelf failed with res: 0xf0100003
[   14.067920][1 T57    ..] [TEE] E/TC:? 00 [ATOS] *ERROR* TA version table not ready, RPMB inaccessible!
[   14.077204][1 T57    ..] [TEE] E/LD:   init_elf:259 sys_open_ta_bin(8efb1e1c-37e5-4326-a5d6-8c33726c7d57)
[   14.086729][1 T57    ..] [TEE] E/TC:? 00 init_with_ldelf:229 ldelf failed with res: 0xf0100003
[   14.095304][1 T57    ..] [TEE] E/TC:? 00 [ATOS] *ERROR* TA version table not ready, RPMB inaccessible!
[   14.104619][1 T57    ..] [TEE] E/LD:   init_elf:259 sys_open_ta_bin(8efb1e1c-37e5-4326-a5d6-8c33726c7d57)
[   14.114116][1 T57    ..] [TEE] E/TC:? 00 init_with_ldelf:229 ldelf failed with res: 0xf0100003
[   14.122704][1 T57    ..] [TEE] E/TC:? 00 [ATOS] *ERROR* TA version table not ready, RPMB inaccessible!
[   14.131973][1 T57    ..] [TEE] E/LD:   init_elf:259 sys_open_ta_bin(8efb1e1c-37e5-4326-a5d6-8c33726c7d57)
[   14.141528][1 T57    ..] [TEE] E/TC:? 00 init_with_ldelf:229 ldelf failed with res: 0xf0100003
[   14.150091][1 T57    ..] [TEE] E/TC:? 00 [ATOS] *ERROR* TA version table not ready, RPMB inaccessible!
[   14.159346][1 T57    ..] [TEE] E/LD:   init_elf:259 sys_open_ta_bin(8efb1e1c-37e5-4326-a5d6-8c33726c7d57)
[   14.168908][1 T57    ..] [TEE] E/TC:? 00 init_with_ldelf:229 ldelf failed with res: 0xf0100003
[   14.177471][1 T57    ..] [TEE] E/TC:? 00 [ATOS] *ERROR* TA version table not ready, RPMB inaccessible!
[   14.186764][1 T57    ..] [TEE] E/LD:   init_elf:259 sys_open_ta_bin(8efb1e1c-37e5-4326-a5d6-8c33726c7d57)
[   14.196277][1 T57    ..] [TEE] E/TC:? 00 init_with_ldelf:229 ldelf failed with res: 0xf0100003
[   14.204869][1 T57    ..] [TEE] E/TC:? 00 [ATOS] *ERROR* TA version table not ready, RPMB inaccessible!
[   14.214255][1 T57    ..] [TEE] E/LD:   init_elf:259 sys_open_ta_bin(8efb1e1c-37e5-4326-a5d6-8c33726c7d57)
[   14.223938][1 T57    ..] [TEE] E/TC:? 00 init_with_ldelf:229 ldelf failed with res: 0xf0100003
[   14.232398][1 T57    ..] [TEE] E/TC:? 00 [ATOS] *ERROR* TA version table not ready, RPMB inaccessible!
[   14.241517][1 T57    ..] [TEE] E/LD:   init_elf:259 sys_open_ta_bin(8efb1e1c-37e5-4326-a5d6-8c33726c7d57)
[   14.251084][1 T57    ..] [TEE] E/TC:? 00 init_with_ldelf:229 ldelf failed with res: 0xf0100003
[   14.259629][1 T57    ..] [TEE] E/TC:? 00 [ATOS] *ERROR* TA version table not ready, RPMB inaccessible!
[   14.268928][1 T57    ..] [TEE] E/LD:   init_elf:259 sys_open_ta_bin(8efb1e1c-37e5-4326-a5d6-8c33726c7d57)
[   14.278443][1 T57    ..] [TEE] E/TC:? 00 init_with_ldelf:229 ldelf failed with res: 0xf0100003
[   14.287026][1 T57    ..] [TEE] E/TC:? 00 [ATOS] *ERROR* TA version table not ready, RPMB inaccessible!
[   14.296293][1 T57    ..] [TEE] E/LD:   init_elf:259 sys_open_ta_bin(8efb1e1c-37e5-4326-a5d6-8c33726c7d57)
[   14.305816][1 T57    ..] [TEE] E/TC:? 00 init_with_ldelf:229 ldelf failed with res: 0xf0100003
[   14.314430][1 T57    ..] [TEE] E/TC:? 00 [ATOS] *ERROR* TA version table not ready, RPMB inaccessible!
[   14.323674][1 T57    ..] [TEE] E/LD:   init_elf:259 sys_open_ta_bin(8efb1e1c-37e5-4326-a5d6-8c33726c7d57)
[   14.333225][1 T57    ..] [TEE] E/TC:? 00 init_with_ldelf:229 ldelf failed with res: 0xf0100003
[   14.341794][1 T57    ..] [TEE] E/TC:? 00 [ATOS] *ERROR* TA version table not ready, RPMB inaccessible!
[   14.351082][1 T57    ..] [TEE] E/LD:   init_elf:259 sys_open_ta_bin(8efb1e1c-37e5-4326-a5d6-8c33726c7d57)
[   14.360608][1 T57    ..] [TEE] E/TC:? 00 init_with_ldelf:229 ldelf failed with res: 0xf0100003
[   14.369174][1 T57    ..] [TEE] E/TC:? 00 [ATOS] *ERROR* TA version table not ready, RPMB inaccessible!
[   14.378450][1 T57    ..] [TEE] E/LD:   init_elf:259 sys_open_ta_bin(8efb1e1c-37e5-4326-a5d6-8c33726c7d57)
[   14.387984][1 T57    ..] [TEE] E/TC:? 00 init_with_ldelf:229 ldelf failed with res: 0xf0100003
[   14.396569][1 T57    ..] [TEE] E/TC:? 00 [ATOS] *ERROR* TA version table not ready, RPMB inaccessible!
[   14.405840][1 T57    ..] [TEE] E/LD:   init_elf:259 sys_open_ta_bin(8efb1e1c-37e5-4326-a5d6-8c33726c7d57)
[   14.415384][1 T57    ..] [TEE] E/TC:? 00 init_with_ldelf:229 ldelf failed with res: 0xf0100003
[   14.423950][1 T57    ..] [TEE] E/TC:? 00 [ATOS] *ERROR* TA version table not ready, RPMB inaccessible!
[   14.433478][1 T57    ..] [TEE] E/LD:   init_elf:259 sys_open_ta_bin(8efb1e1c-37e5-4326-a5d6-8c33726c7d57)
[   14.442902][3 T57    ..] [TEE] E/TC:? 00 init_with_ldelf:2
[   14.498111][2 T206   ..] servicemanager: Since 'android.hardware.graphics.composer3.IComposer/default' could not be found, trying to start it as a lazy AIDL service. (if it's not configured to be a lazy service, it may be stuck starting or still starting).
[   14.927986][1 T206   ..] servicemanager: Since 'SurfaceFlingerAIDL' could not be found, trying to start it as a lazy AIDL service. (if it's not configured to be a lazy service, it may be stuck starting or still starting).
[   15.455759][3 T57    ..] [TEE] 29 ldelf failed with res: 0xf0100003
[   15.456410][3 T57    ..] [TEE] E/TC:? 00 [ATOS] *ERROR* TA version table not ready, RPMB inaccessible!
[   15.465708][3 T57    ..] [TEE] E/LD:   init_elf:259 sys_open_ta_bin(8efb1e1c-37e5-4326-a5d6-8c33726c7d57)
[   15.475319][3 T57    ..] [TEE] E/TC:? 00 init_with_ldelf:229 ldelf failed with res: 0xf0100003
[   15.483822][3 T57    ..] [TEE] E/TC:? 00 [ATOS] *ERROR* TA version table not ready, RPMB inaccessible!
[   15.493117][3 T57    ..] [TEE] E/LD:   init_elf:259 sys_open_ta_bin(8efb1e1c-37e5-4326-a5d6-8c33726c7d57)
[   15.502623][3 T57    ..] [TEE] E/TC:? 00 init_with_ldelf:229 ldelf failed with res: 0xf0100003
[   15.511213][3 T57    ..] [TEE] E/TC:? 00 [ATOS] *ERROR* TA version table not ready, RPMB inaccessible!
[   15.520491][3 T57    ..] [TEE] E/LD:   init_elf:259 sys_open_ta_bin(8efb1e1c-37e5-4326-a5d6-8c33726c7d57)
[   15.520785][2 T206   ..] servicemanager: Since 'android.hardware.graphics.composer3.IComposer/default' could not be found, trying to start it as a lazy AIDL service. (if it's not configured to be a lazy service, it may be stuck starting or still starting).
[   15.530012][3 T57    ..] [TEE] E/TC:? 00 init_with_ldelf:229 ldelf failed with res: 0xf0100003
[   15.530026][3 T57    ..] [TEE] E/TC:? 00 [ATOS] *ERROR* TA version table not ready, RPMB inaccessible!
[   15.530028][3 T57    ..] [TEE] E/LD:   init_elf:259 sys_open_ta_bin(8efb1e1c-37e5-4326-a5d6-8c33726c7d57)
[   15.530031][3 T57    ..] [TEE] E/TC:? 00 init_with_ldelf:229 ldelf failed with res: 0xf0100003
[   15.530034][3 T57    ..] [TEE] E/TC:? 00 [ATOS] *ERROR* TA version table not ready, RPMB inaccessible!
[   15.530036][3 T57    ..] [TEE] E/LD:   init_elf:259 sys_open_ta_bin(8efb1e1c-37e5-4326-a5d6-8c33726c7d57)
[   15.530039][3 T57    ..] [TEE] E/TC:? 00 init_with_ldelf:229 ldelf failed with res: 0xf0100003
[   15.530042][3 T57    ..] [TEE] E/TC:? 00 [ATOS] *ERROR* TA version table not ready, RPMB inaccessible!
[   15.530044][3 T57    ..] [TEE] E/LD:   init_elf:259 sys_open_ta_bin(8efb1e1c-37e5-4326-a5d6-8c33726c7d57)
[   15.530047][3 T57    ..] [TEE] E/TC:? 00 init_with_ldelf:229 ldelf failed with res: 0xf0100003
[   15.530050][3 T57    ..] [TEE] E/TC:? 00 [ATOS] *ERROR* TA version table not ready, RPMB inaccessible!
[   15.530053][3 T57    ..] [TEE] E/LD:   init_elf:259 sys_open_ta_bin(8efb1e1c-37e5-4326-a5d6-8c33726c7d57)
[   15.530056][3 T57    ..] [TEE] E/TC:? 00 init_with_ldelf:229 ldelf failed with res: 0xf0100003
[   15.670774][1 T57    ..] [TEE] E/TC:? 00 [ATOS] *ERROR* TA version table not ready, RPMB inaccessible!
[   15.680035][1 T57    ..] [TEE] E/LD:   init_elf:259 sys_open_ta_bin(8efb1e1c-37e5-4326-a5d6-8c33726c7d57)
[   15.689560][1 T57    ..] [TEE] E/TC:? 00 init_with_ldelf:229 ldelf failed with res: 0xf0100003
[   15.698185][1 T57    ..] [TEE] E/TC:? 00 [ATOS] *ERROR* TA version table not ready, RPMB inaccessible!
[   15.707426][1 T57    ..] [TEE] E/LD:   init_elf:259 sys_open_ta_bin(8efb1e1c-37e5-4326-a5d6-8c33726c7d57)
[   15.716942][1 T57    ..] [TEE] E/TC:? 00 init_with_ldelf:229 ldelf failed with res: 0xf0100003
[   15.725534][1 T57    ..] [TEE] E/TC:? 00 [ATOS] *ERROR* TA version table not ready, RPMB inaccessible!
[   15.734813][1 T57    ..] [TEE] E/LD:   init_elf:259 sys_open_ta_bin(8efb1e1c-37e5-4326-a5d6-8c33726c7d57)
[   15.744338][1 T57    ..] [TEE] E/TC:? 00 init_with_ldelf:229 ldelf failed with res: 0xf0100003
[   15.752916][1 T57    ..] [TEE] E/TC:? 00 [ATOS] *ERROR* TA version table not ready, RPMB inaccessible!
[   15.762195][1 T57    ..] [TEE] E/LD:   init_elf:259 sys_open_ta_bin(8efb1e1c-37e5-4326-a5d6-8c33726c7d57)
[   15.771730][1 T57    ..] [TEE] E/TC:? 00 init_with_ldelf:229 ldelf failed with res: 0xf0100003
[   15.780288][1 T57    ..] [TEE] E/TC:? 00 [ATOS] *ERROR* TA version table not ready, RPMB inaccessible!
[   15.789603][1 T57    ..] [TEE] E/LD:   init_elf:259 sys_open_ta_bin(8efb1e1c-37e5-4326-a5d6-8c33726c7d57)
[   15.799108][1 T57    ..] [TEE] E/TC:? 00 init_with_ldelf:229 ldelf failed with res: 0xf0100003
[   15.807776][1 T57    ..] [TEE] E/TC:? 00 [ATOS] *ERROR* TA version table not ready, RPMB inaccessible!
[   15.816970][1 T57    ..] [TEE] E/LD:   init_elf:259 sys_open_ta_bin(8efb1e1c-37e5-4326-a5d6-8c33726c7d57)
[   15.826580][1 T57    ..] [TEE] E/TC:? 00 init_with_ldelf:229 ldelf failed with res: 0xf0100003
[   15.835074][1 T57    ..] [TEE] E/TC:? 00 [ATOS] *ERROR* TA version table not ready, RPMB inaccessible!
[   15.844346][1 T57    ..] [TEE] E/LD:   init_elf:259 sys_open_ta_bin(8efb1e1c-37e5-4326-a5d6-8c33726c7d57)
[   15.854076][1 T57    ..] [TEE] E/TC:? 00 init_with_ldelf:229 ldelf failed with res: 0xf0100003
[   15.862577][3 T57    ..] [TEE] E/TC:? 00 [ATOS] *ERROR* TA version table not ready, RPMB inaccessible!
[   15.871848][3 T57    ..] [TEE] E/LD:   init_elf:259 sys_open_ta_bin(8efb1e1c-37e5-4326-a5d6-8c33726c7d57)
[   15.881265][3 T57    ..] [TEE] E/TC:? 00 init_with_ldelf:229 ldelf failed with res: 0xf0100003
[   15.889888][3 T57    ..] [TEE] E/TC:? 00 [ATOS] *ERROR* TA version table not ready, RPMB inaccessible!
[   15.899132][3 T57    ..] [TEE] E/LD:   init_elf:259 sys_open_ta_bin(8efb1e1c-37e5-4326-a5d6-8c33726c7d57)
[   15.908730][3 T57    ..] [TEE] E/TC:? 00 init_with_ldelf:229 ldelf failed with res: 0xf0100003
[   15.917245][3 T57    ..] [TEE] E/TC:? 00 [ATOS] *ERROR* TA version table not ready, RPMB inaccessible!
[   15.926511][3 T57    ..] [TEE] E/LD:   init_elf:259 sys_open_ta_bin(8efb1e1c-37e5-4326-a5d6-8c33726c7d57)
[   15.936049][3 T57    ..] [TEE] E/TC:? 00 init_with_ldelf:229 ldelf failed with res: 0xf0100003
[   15.942744][0 T206   ..] servicemanager: Since 'SurfaceFlingerAIDL' could not be found, trying to start it as a lazy AIDL service. (if it's not configured to be a lazy service, it may be stuck starting or still starting).
[   15.944619][3 T57    ..] [TEE] E/TC:? 00 [ATOS] *ERROR* TA version table not ready, RPMB inaccessible!
[   15.944623][3 T57    ..] [TEE] E/LD:   init_elf:259 sys_open_ta_bin(8efb1e1c-37e5-4326-a5d6-8c33726c7d57)
[   15.944626][3 T57    ..] [TEE] E/TC:? 00 init_with_ldelf:229 ldelf failed with res: 0xf0100003
[   15.944628][3 T57    ..] [TEE] E/TC:? 00 [ATOS] *ERROR* TA version table not ready, RPMB inaccessible!
[   15.944631][3 T57    ..] [TEE] E/LD:   init_elf:259 sys_open_ta_bin(8efb1e1c-37e5-4326-a5d6-8c33726c7d57)
[   15.944634][3 T57    ..] [TEE] E/TC:? 00 init_with_ldelf:229 ldelf failed with res: 0xf0100003
[   15.944636][3 T57    ..] [TEE] E/TC:? 00 [ATOS] *ERROR* TA version table not read
[   16.553376][3 T206   ..] servicemanager: Since 'android.hardware.graphics.composer3.IComposer/default' could not be found, trying to start it as a lazy AIDL service. (if it's not configured to be a lazy service, it may be stuck starting or still starting).
[   16.959765][3 T57    ..] [TEE] y, RPMB inaccessible!
[   16.959809][3 T57    ..] [TEE] E/LD:   init_elf:259 sys_open_ta_bin(8efb1e1c-37e5-4326-a5d6-8c33726c7d57)
[   16.968691][3 T57    ..] [TEE] E/TC:? 00 init_with_ldelf:229 ldelf failed with res: 0xf0100003
[   16.977239][3 T57    ..] [TEE] E/TC:? 00 [ATOS] *ERROR* TA version table not ready, RPMB inaccessible!
[   16.986547][3 T57    ..] [TEE] E/LD:   init_elf:259 sys_open_ta_bin(8efb1e1c-37e5-4326-a5d6-8c33726c7d57)
[   16.996050][3 T57    ..] [TEE] E/TC:? 00 init_with_ldelf:229 ldelf failed with res: 0xf0100003
[   17.004631][3 T57    ..] [TEE] E/TC:? 00 [ATOS] *ERROR* TA version table not ready, RPMB inaccessible!
[   17.013892][3 T57    ..] [TEE] E/LD:   init_elf:259 sys_open_ta_bin(8efb1e1c-37e5-4326-a5d6-8c33726c7d57)
[   17.023431][3 T57    ..] [TEE] E/TC:? 00 init_with_ldelf:229 ldelf failed with res: 0xf0100003
[   17.027355][0 T206   ..] servicemanager: Since 'SurfaceFlingerAIDL' could not be found, trying to start it as a lazy AIDL service. (if it's not configured to be a lazy service, it may be stuck starting or still starting).
[   17.032055][3 T57    ..] [TEE] E/TC:? 00 [ATOS] *ERROR* TA version table not ready, RPMB inaccessible!
[   17.032070][3 T57    ..] [TEE] E/LD:   init_elf:259 sys_open_ta_bin(8efb1e1c-37e5-4326-a5d6-8c33726c7d57)
[   17.032073][3 T57    ..] [TEE] E/TC:? 00 init_with_ldelf:229 ldelf failed with res: 0xf0100003
[   17.032075][3 T57    ..] [TEE] E/TC:? 00 [ATOS] *ERROR* TA version table not ready, RPMB inaccessible!
[   17.032078][3 T57    ..] [TEE] E/LD:   init_elf:259 sys_open_ta_bin(8efb1e1c-37e5-4326-a5d6-8c33726c7d57)
[   17.097797][3 T57    ..] [TEE] E/TC:? 00 init_with_ldelf:229 ldelf failed with res: 0xf0100003
[   17.106371][3 T57    ..] [TEE] E/TC:? 00 [ATOS] *ERROR* TA version table not ready, RPMB inaccessible!
[   17.115681][3 T57    ..] [TEE] E/LD:   init_elf:259 sys_open_ta_bin(8efb1e1c-37e5-4326-a5d6-8c33726c7d57)
[   17.125178][3 T57    ..] [TEE] E/TC:? 00 init_with_ldelf:229 ldelf failed with res: 0xf0100003
[   17.133766][3 T57    ..] [TEE] E/TC:? 00 [ATOS] *ERROR* TA version table not ready, RPMB inaccessible!
[   17.143032][3 T57    ..] [TEE] E/LD:   init_elf:259 sys_open_ta_bin(8efb1e1c-37e5-4326-a5d6-8c33726c7d57)
[   17.152560][3 T57    ..] [TEE] E/TC:? 00 init_with_ldelf:229 ldelf failed with res: 0xf0100003
[   17.161143][3 T57    ..] [TEE] E/TC:? 00 [ATOS] *ERROR* TA version table not ready, RPMB inaccessible!
[   17.170409][3 T57    ..] [TEE] E/LD:   init_elf:259 sys_open_ta_bin(8efb1e1c-37e5-4326-a5d6-8c33726c7d57)
